╔══════════════════════════════════════════════════════════════════════════════════════╗
║ InjectionLineMonitor —— 注塑产线监视线（SuperSampler 宿主样例，net46 控制台）        ║
╚══════════════════════════════════════════════════════════════════════════════════════╝
  操作者身份 : op01:Operator（写值与报警确认都带它）
  运行时长   : 60s   显示周期 3s   CSV 目录 D:\IT\SuperModbus\SuperSampler\samples\InjectionLineMonitor\run\run3\csv
── 配置解析摘要 ─────────────────────────────────────────────────────────────
  配置文件   : D:\IT\SuperModbus\SuperSampler\samples\InjectionLineMonitor\line.xml
  工程       : 注塑产线数据采集（InjectionLineMonitor）  修订 1  作者 Sarige
  schema     : 3.x  unsupportedPolicy=warn
  语言/坏值  : zh_CN/en_US  nullText="--"  全局 swap=Word
  规模       : 链路 3  设备 4  点表 4  点位 142/142（可写 33 / 计算点 2 / 报警 2）
  通信策略   : 超时 1000ms  重试 1x100ms  断线质量=bad/null  staleAfter=5000ms  原始读写=关

  扫描组     : fast[poll 500ms]  normal[poll 1000ms+50ms抖动]  slow[poll 5000ms+200ms抖动]
  链路       : lineA[tcp 127.0.0.1:2502 to=1000ms retry=1]  lineB[tcp 127.0.0.1:2503 to=1000ms]  util[tcp 127.0.0.1:2504 to=1000ms]

  设备清单：
    IM-01        1号注塑机      transport=lineA   unitId=1   点位=47   可写=17  扫描组=fast/normal/slow   块=im.monitor(InputRegister@0+20),im.process(InputRegister@30+30),im.params(HoldingRegister@0+23)
    GW-LINE-B    产线B网关      transport=lineB   unitId=2   点位=52   可写=9   扫描组=normal/slow        块=无（全散点）
                  └ 点位级 unitId 覆盖：unit2×18, unit3×17, unit4×17
    EM-01        总电表        transport=util    unitId=5   点位=21   可写=3   扫描组=normal/slow        块=em.meter(InputRegister@0+24),em.nameplate(InputRegister@24+16)
    ENV-01       车间环境       transport=util    unitId=6   点位=22   可写=4   扫描组=normal/slow        块=env.air(InputRegister@0+11),env.ops(InputRegister@11+19)

  Warnings   : 1 条
      ! 配置包含尚未实现的功能：点位 im01.moldTempDual 的 Scale@mode（缩放模式，v1 仅支持线性）；AlarmClass@name/@color/@sound/@escalateAfterMs（等级展示属性由宿主消费，框架未使用）（unsupportedPolicy=warn：已忽略）
────────────────────────────────────────────────────────────────────────────
  已订阅     : 值变化 / 报警三态 / 写审计 / 错误族（IErrorEvent 基接口）  共 6 条订阅
  启动引擎   : 0.01s
  操作脚本   : run/run3/drill3_ops.txt（10 条动作）

[23:36:32] [资源] T+0.0s  线程 17  句柄 319  GC 后托管堆 1.62 MB
══════════════════════════════════════════════════════════════════════════════════════════
  屏 #1   T+2.0s   本地时间 23:36:34   质量非 Good 或超过 5s 未刷新会标 !! / ~
══════════════════════════════════════════════════════════════════════════════════════════
  点位                                值                       质量                  年龄       说明
   IM-01/im01.stage               待机                      Good                0.0s     注塑阶段
   IM-01/im01.statusWord          1                       Good                0.0s     状态字
   IM-01/im01.cycleTime           40.5 s                  Good                0.0s     当前周期
   IM-01/im01.goodParts           2                       Good                0.0s     合格品数
   IM-01/im01.rejectParts         0                       Good                0.0s     次品数
   IM-01/im01.barrel1Temp         191.8 ℃                 Good                0.0s     料筒1段温
   IM-01/im01.moldTemp            84.6 ℃                  Good                0.0s     模具温度
   IM-01/im01.oilTemp             44.5 ℃                  Good                0.0s     液压油温
   IM-01/im01.injectPressure      0 bar                   Good                0.0s     射胶压力
   IM-01/im01.energyTotal         1.493 kWh               Good                0.0s     累计能耗
   IM-01/im01.moldTempDev         -0.4 ℃                  Good                0.0s     模温偏差(计算点)
   IM-01/im01.faultAlarm          False                   Good                0.0s     注塑机报警位
   GW-LINE-B/mtc01.actualTemp     100.5 ℃                 Good                0.0s     模温机温度
   GW-LINE-B/mtc01.pumpFlow       34 L/min                Good                0.0s     模温机流量
   GW-LINE-B/dry01.dryTemp        79.4 ℃                  Good                0.0s     干燥温度
   GW-LINE-B/dry01.dewPoint       -34.6 ℃                 Good                0.0s     露点
   GW-LINE-B/dry01.materialLevel  80 %                    Good                0.0s     料位
   GW-LINE-B/rob01.cycleTime      2.8 s                   Good                0.0s     机械手节拍时间
   GW-LINE-B/rob01.totalPicks     40                      Good                0.0s     累计取件
   EM-01/em01.activePower         117 kW                  Good                0.0s     总有功功率
   EM-01/em01.powerFactor         0.895                   Good                0.0s     功率因数
   EM-01/em01.totalEnergy         3868.64 kWh             Good                0.0s     累计电能
   ENV-01/env01.roomTemp          24.0 ℃                  Good                0.0s     车间温度
   ENV-01/env01.humidity          53 %RH                  Good                0.0s     湿度
   ENV-01/env01.co2               450 ppm                 Good                0.0s     CO2
   ENV-01/env01.highTempAlarm     False                   Good                0.0s     高温报警位
   ENV-01/env01.plantLoad         46.8 %                  Good                0.0s     车间负载率(计算点)
  ── 激活报警：无
  事件计数：值 213  错误 0  写 0  （明细见 CSV）
[T+5.0s] [ops] —— 长断线写演练开始 ——
══════════════════════════════════════════════════════════════════════════════════════════
  屏 #2   T+5.1s   本地时间 23:36:37   质量非 Good 或超过 5s 未刷新会标 !! / ~
══════════════════════════════════════════════════════════════════════════════════════════
  点位                                值                       质量                  年龄       说明
   IM-01/im01.stage               待机                      Good                0.0s     注塑阶段
   IM-01/im01.statusWord          1                       Good                0.0s     状态字
   IM-01/im01.cycleTime           40.5 s                  Good                0.0s     当前周期
   IM-01/im01.goodParts           2                       Good                0.0s     合格品数
   IM-01/im01.rejectParts         0                       Good                0.0s     次品数
   IM-01/im01.barrel1Temp         191.8 ℃                 Good                0.0s     料筒1段温
   IM-01/im01.moldTemp            84.6 ℃                  Good                0.0s     模具温度
   IM-01/im01.oilTemp             44.6 ℃                  Good                0.0s     液压油温
   IM-01/im01.injectPressure      0 bar                   Good                0.0s     射胶压力
   IM-01/im01.energyTotal         1.496 kWh               Good                0.0s     累计能耗
   IM-01/im01.moldTempDev         -0.4 ℃                  Good                0.0s     模温偏差(计算点)
   IM-01/im01.faultAlarm          False                   Good                0.0s     注塑机报警位
   GW-LINE-B/mtc01.actualTemp     99.7 ℃                  Good                0.0s     模温机温度
   GW-LINE-B/mtc01.pumpFlow       27 L/min                Good                0.0s     模温机流量
   GW-LINE-B/dry01.dryTemp        79.4 ℃                  Good                0.0s     干燥温度
   GW-LINE-B/dry01.dewPoint       -33.7 ℃                 Good                0.0s     露点
   GW-LINE-B/dry01.materialLevel  79 %                    Good                0.0s     料位
   GW-LINE-B/rob01.cycleTime      2.8 s                   Good                0.0s     机械手节拍时间
   GW-LINE-B/rob01.totalPicks     40                      Good                0.0s     累计取件
   EM-01/em01.activePower         100 kW                  Good                0.0s     总有功功率
   EM-01/em01.powerFactor         0.879                   Good                0.0s     功率因数
   EM-01/em01.totalEnergy         3877.88 kWh             Good                0.0s     累计电能
   ENV-01/env01.roomTemp          23.9 ℃                  Good                0.0s     车间温度
   ENV-01/env01.humidity          56 %RH                  Good                0.0s     湿度
   ENV-01/env01.co2               450 ppm                 Good                0.0s     CO2
   ENV-01/env01.highTempAlarm     False                   Good                0.0s     高温报警位
   ENV-01/env01.plantLoad         40.0 %                  Good                0.0s     车间负载率(计算点)
  ── 激活报警：无
  事件计数：值 331  错误 0  写 0  （明细见 CSV）
[T+8.0s] [ops] show IM-01/im01.moldTemp = 84.5 ℃  [质量 Good]  原始=84.5  时间戳=23:36:39.463
══════════════════════════════════════════════════════════════════════════════════════════
  屏 #3   T+8.1s   本地时间 23:36:40   质量非 Good 或超过 5s 未刷新会标 !! / ~
══════════════════════════════════════════════════════════════════════════════════════════
  点位                                值                       质量                  年龄       说明
   IM-01/im01.stage               待机                      Good                0.1s     注塑阶段
   IM-01/im01.statusWord          1                       Good                0.1s     状态字
   IM-01/im01.cycleTime           40.5 s                  Good                0.1s     当前周期
   IM-01/im01.goodParts           2                       Good                0.1s     合格品数
   IM-01/im01.rejectParts         0                       Good                0.1s     次品数
   IM-01/im01.barrel1Temp         191.8 ℃                 Good                0.1s     料筒1段温
   IM-01/im01.moldTemp            84.5 ℃                  Good                0.1s     模具温度
   IM-01/im01.oilTemp             44.6 ℃                  Good                0.1s     液压油温
   IM-01/im01.injectPressure      0 bar                   Good                0.1s     射胶压力
   IM-01/im01.energyTotal         1.498 kWh               Good                0.1s     累计能耗
   IM-01/im01.moldTempDev         -0.5 ℃                  Good                0.0s     模温偏差(计算点)
   IM-01/im01.faultAlarm          False                   Good                0.1s     注塑机报警位
   GW-LINE-B/mtc01.actualTemp     99.1 ℃                  Good                0.0s     模温机温度
   GW-LINE-B/mtc01.pumpFlow       40 L/min                Good                0.0s     模温机流量
   GW-LINE-B/dry01.dryTemp        79.4 ℃                  Good                0.0s     干燥温度
   GW-LINE-B/dry01.dewPoint       -34.3 ℃                 Good                0.0s     露点
   GW-LINE-B/dry01.materialLevel  78 %                    Good                0.0s     料位
   GW-LINE-B/rob01.cycleTime      3.1 s                   Good                0.0s     机械手节拍时间
   GW-LINE-B/rob01.totalPicks     40                      Good                0.0s     累计取件
   EM-01/em01.activePower         117 kW                  Good                0.1s     总有功功率
   EM-01/em01.powerFactor         0.876                   Good                0.1s     功率因数
   EM-01/em01.totalEnergy         3886.93 kWh             Good                0.1s     累计电能
   ENV-01/env01.roomTemp          23.9 ℃                  Good                0.0s     车间温度
   ENV-01/env01.humidity          54 %RH                  Good                0.0s     湿度
   ENV-01/env01.co2               450 ppm                 Good                0.0s     CO2
   ENV-01/env01.highTempAlarm     False                   Good                0.0s     高温报警位
   ENV-01/env01.plantLoad         46.8 %                  Good                0.0s     车间负载率(计算点)
  ── 激活报警：无
  事件计数：值 447  错误 0  写 0  （明细见 CSV）
══════════════════════════════════════════════════════════════════════════════════════════
  屏 #4   T+11.1s   本地时间 23:36:43   质量非 Good 或超过 5s 未刷新会标 !! / ~
══════════════════════════════════════════════════════════════════════════════════════════
  点位                                值                       质量                  年龄       说明
   IM-01/im01.stage               待机                      Good                0.1s     注塑阶段
   IM-01/im01.statusWord          1                       Good                0.1s     状态字
   IM-01/im01.cycleTime           40.5 s                  Good                0.1s     当前周期
   IM-01/im01.goodParts           2                       Good                0.1s     合格品数
   IM-01/im01.rejectParts         0                       Good                0.1s     次品数
   IM-01/im01.barrel1Temp         191.8 ℃                 Good                0.1s     料筒1段温
   IM-01/im01.moldTemp            84.5 ℃                  Good                0.1s     模具温度
   IM-01/im01.oilTemp             44.8 ℃                  Good                0.1s     液压油温
   IM-01/im01.injectPressure      0 bar                   Good                0.1s     射胶压力
   IM-01/im01.energyTotal         1.501 kWh               Good                0.1s     累计能耗
   IM-01/im01.moldTempDev         -0.5 ℃                  Good                0.0s     模温偏差(计算点)
   IM-01/im01.faultAlarm          False                   Good                0.1s     注塑机报警位
   GW-LINE-B/mtc01.actualTemp     99.4 ℃                  Good                0.1s     模温机温度
   GW-LINE-B/mtc01.pumpFlow       18 L/min                Good                0.1s     模温机流量
   GW-LINE-B/dry01.dryTemp        79.4 ℃                  Good                0.0s     干燥温度
   GW-LINE-B/dry01.dewPoint       -34.9 ℃                 Good                0.0s     露点
   GW-LINE-B/dry01.materialLevel  77 %                    Good                0.0s     料位
   GW-LINE-B/rob01.cycleTime      2.8 s                   Good                0.0s     机械手节拍时间
   GW-LINE-B/rob01.totalPicks     41                      Good                0.0s     累计取件
   EM-01/em01.activePower         129 kW                  Good                0.1s     总有功功率
   EM-01/em01.powerFactor         0.897                   Good                0.1s     功率因数
   EM-01/em01.totalEnergy         3895.93 kWh             Good                0.1s     累计电能
   ENV-01/env01.roomTemp          23.9 ℃                  Good                0.1s     车间温度
   ENV-01/env01.humidity          55 %RH                  Good                0.1s     湿度
   ENV-01/env01.co2               450 ppm                 Good                0.1s     CO2
   ENV-01/env01.highTempAlarm     False                   Good                0.1s     高温报警位
   ENV-01/env01.plantLoad         51.6 %                  Good                0.0s     车间负载率(计算点)
  ── 激活报警：无
  事件计数：值 568  错误 0  写 0  （明细见 CSV）
══════════════════════════════════════════════════════════════════════════════════════════
  屏 #5   T+14.1s   本地时间 23:36:46   质量非 Good 或超过 5s 未刷新会标 !! / ~
══════════════════════════════════════════════════════════════════════════════════════════
  点位                                值                       质量                  年龄       说明
   IM-01/im01.stage               待机                      Good                0.1s     注塑阶段
   IM-01/im01.statusWord          1                       Good                0.1s     状态字
   IM-01/im01.cycleTime           40.5 s                  Good                0.1s     当前周期
   IM-01/im01.goodParts           2                       Good                0.1s     合格品数
   IM-01/im01.rejectParts         0                       Good                0.1s     次品数
   IM-01/im01.barrel1Temp         191.8 ℃                 Good                0.1s     料筒1段温
   IM-01/im01.moldTemp            84.5 ℃                  Good                0.1s     模具温度
   IM-01/im01.oilTemp             44.3 ℃                  Good                0.1s     液压油温
   IM-01/im01.injectPressure      0 bar                   Good                0.1s     射胶压力
   IM-01/im01.energyTotal         1.503 kWh               Good                0.1s     累计能耗
   IM-01/im01.moldTempDev         -0.5 ℃                  Good                0.0s     模温偏差(计算点)
   IM-01/im01.faultAlarm          False                   Good                0.1s     注塑机报警位
   GW-LINE-B/mtc01.actualTemp     99.6 ℃                  Good                0.1s     模温机温度
   GW-LINE-B/mtc01.pumpFlow       15 L/min                Good                0.1s     模温机流量
   GW-LINE-B/dry01.dryTemp        79.4 ℃                  Good                0.1s     干燥温度
   GW-LINE-B/dry01.dewPoint       -33.9 ℃                 Good                0.1s     露点
   GW-LINE-B/dry01.materialLevel  76 %                    Good                0.1s     料位
   GW-LINE-B/rob01.cycleTime      3.2 s                   Good                0.1s     机械手节拍时间
   GW-LINE-B/rob01.totalPicks     41                      Good                0.1s     累计取件
   EM-01/em01.activePower         111 kW                  Good                0.1s     总有功功率
   EM-01/em01.powerFactor         0.889                   Good                0.1s     功率因数
   EM-01/em01.totalEnergy         3905.20 kWh             Good                0.1s     累计电能
   ENV-01/env01.roomTemp          23.9 ℃                  Good                0.1s     车间温度
   ENV-01/env01.humidity          54 %RH                  Good                0.1s     湿度
   ENV-01/env01.co2               450 ppm                 Good                0.1s     CO2
   ENV-01/env01.highTempAlarm     False                   Good                0.1s     高温报警位
   ENV-01/env01.plantLoad         44.4 %                  Good                0.0s     车间负载率(计算点)
  ── 激活报警：无
  事件计数：值 670  错误 0  写 0  （明细见 CSV）
[T+15.0s] [ops] write IM-01/im01.cavitySetTemp = 232 → Succeeded  verifyMismatch=False  readback=232 ℃[Good]  16ms  user=op01:Operator
══════════════════════════════════════════════════════════════════════════════════════════
  屏 #6   T+17.1s   本地时间 23:36:49   质量非 Good 或超过 5s 未刷新会标 !! / ~
══════════════════════════════════════════════════════════════════════════════════════════
  点位                                值                       质量                  年龄       说明
   IM-01/im01.stage               待机                      Good                0.1s     注塑阶段
   IM-01/im01.statusWord          1                       Good                0.1s     状态字
   IM-01/im01.cycleTime           40.5 s                  Good                0.1s     当前周期
   IM-01/im01.goodParts           2                       Good                0.1s     合格品数
   IM-01/im01.rejectParts         0                       Good                0.1s     次品数
   IM-01/im01.barrel1Temp         190.2 ℃                 Good                0.1s     料筒1段温
   IM-01/im01.moldTemp            84.5 ℃                  Good                0.1s     模具温度
   IM-01/im01.oilTemp             44.7 ℃                  Good                0.1s     液压油温
   IM-01/im01.injectPressure      0 bar                   Good                0.1s     射胶压力
   IM-01/im01.energyTotal         1.506 kWh               Good                0.1s     累计能耗
   IM-01/im01.moldTempDev         -0.5 ℃                  Good                0.0s     模温偏差(计算点)
   IM-01/im01.faultAlarm          False                   Good                0.1s     注塑机报警位
   GW-LINE-B/mtc01.actualTemp     99.4 ℃                  Good                0.1s     模温机温度
   GW-LINE-B/mtc01.pumpFlow       18 L/min                Good                0.1s     模温机流量
   GW-LINE-B/dry01.dryTemp        79.4 ℃                  Good                0.1s     干燥温度
   GW-LINE-B/dry01.dewPoint       -35.1 ℃                 Good                0.1s     露点
   GW-LINE-B/dry01.materialLevel  75 %                    Good                0.1s     料位
   GW-LINE-B/rob01.cycleTime      2.8 s                   Good                0.1s     机械手节拍时间
   GW-LINE-B/rob01.totalPicks     41                      Good                0.1s     累计取件
   EM-01/em01.activePower         127 kW                  Good                0.1s     总有功功率
   EM-01/em01.powerFactor         0.876                   Good                0.1s     功率因数
   EM-01/em01.totalEnergy         3914.79 kWh             Good                0.1s     累计电能
   ENV-01/env01.roomTemp          24.0 ℃                  Good                0.1s     车间温度
   ENV-01/env01.humidity          57 %RH                  Good                0.1s     湿度
   ENV-01/env01.co2               450 ppm                 Good                0.1s     CO2
   ENV-01/env01.highTempAlarm     False                   Good                0.1s     高温报警位
   ENV-01/env01.plantLoad         50.8 %                  Good                0.0s     车间负载率(计算点)
  ── 激活报警：无
  事件计数：值 791  错误 0  写 1  （明细见 CSV）
[T+18.0s] [ops] —— 断路器将在 T+20s 起 silent 10s ——
══════════════════════════════════════════════════════════════════════════════════════════
  屏 #7   T+20.2s   本地时间 23:36:52   质量非 Good 或超过 5s 未刷新会标 !! / ~
══════════════════════════════════════════════════════════════════════════════════════════
  点位                                值                       质量                  年龄       说明
   IM-01/im01.stage               待机                      Good                1.6s     注塑阶段
   IM-01/im01.statusWord          1                       Good                1.6s     状态字
   IM-01/im01.cycleTime           40.5 s                  Good                1.6s     当前周期
   IM-01/im01.goodParts           2                       Good                1.6s     合格品数
   IM-01/im01.rejectParts         0                       Good                1.6s     次品数
   IM-01/im01.barrel1Temp         190.2 ℃                 Good                2.1s     料筒1段温
   IM-01/im01.moldTemp            84.5 ℃                  Good                2.1s     模具温度
   IM-01/im01.oilTemp             44.7 ℃                  Good                2.1s     液压油温
   IM-01/im01.injectPressure      0 bar                   Good                2.1s     射胶压力
   IM-01/im01.energyTotal         1.507 kWh               Good                2.1s     累计能耗
   IM-01/im01.moldTempDev         -0.5 ℃                  Good                0.0s     模温偏差(计算点)
   IM-01/im01.faultAlarm          False                   Good                1.6s     注塑机报警位
   GW-LINE-B/mtc01.actualTemp     99.3 ℃                  Good                0.1s     模温机温度
   GW-LINE-B/mtc01.pumpFlow       30 L/min                Good                0.1s     模温机流量
   GW-LINE-B/dry01.dryTemp        79.4 ℃                  Good                0.1s     干燥温度
   GW-LINE-B/dry01.dewPoint       -34.6 ℃                 Good                0.1s     露点
   GW-LINE-B/dry01.materialLevel  74 %                    Good                0.1s     料位
   GW-LINE-B/rob01.cycleTime      3.0 s                   Good                0.1s     机械手节拍时间
   GW-LINE-B/rob01.totalPicks     41                      Good                0.1s     累计取件
   EM-01/em01.activePower         109 kW                  Good                0.1s     总有功功率
   EM-01/em01.powerFactor         0.878                   Good                0.1s     功率因数
   EM-01/em01.totalEnergy         3924.66 kWh             Good                0.1s     累计电能
   ENV-01/env01.roomTemp          24.0 ℃                  Good                0.1s     车间温度
   ENV-01/env01.humidity          57 %RH                  Good                0.1s     湿度
   ENV-01/env01.co2               450 ppm                 Good                0.1s     CO2
   ENV-01/env01.highTempAlarm     False                   Good                0.1s     高温报警位
   ENV-01/env01.plantLoad         43.6 %                  Good                0.0s     车间负载率(计算点)
  ── 激活报警：无
  事件计数：值 899  错误 0  写 1  （明细见 CSV）
[T+21.1s] [q] IM-01/im01.barrel1Temp Good → Bad（ss.reason.comm） 值=null
[T+21.1s] [q] IM-01/im01.barrel5Temp Good → Bad（ss.reason.comm） 值=null
[T+21.1s] [q] IM-01/im01.moldTemp Good → Bad（ss.reason.comm） 值=null
[T+21.1s] [q] IM-01/im01.oilTemp Good → Bad（ss.reason.comm） 值=null
[T+21.1s] [q] IM-01/im01.injectPressure Good → Bad（ss.reason.comm） 值=null
[T+21.1s] [q] IM-01/im01.injectSpeed Good → Bad（ss.reason.comm） 值=null
[T+21.1s] [q] IM-01/im01.screwSpeed Good → Bad（ss.reason.comm） 值=null
[T+21.1s] [q] IM-01/im01.clampPressure Good → Bad（ss.reason.comm） 值=null
[T+21.1s] [q] IM-01/im01.pumpCurrent Good → Bad（ss.reason.comm） 值=null
[T+21.1s] [q] IM-01/im01.hydraulicPressure Good → Bad（ss.reason.comm） 值=null
[T+21.1s] [q] IM-01/im01.power Good → Bad（ss.reason.comm） 值=null
[T+21.1s] [q] IM-01/im01.meltEnergy Good → Bad（ss.reason.comm） 值=null
[T+21.1s] [q] IM-01/im01.energyTotal Good → Bad（ss.reason.comm） 值=null
[T+21.1s] [q] IM-01/im01.moldTempDual Good → Bad（ss.reason.comm） 值=null
[T+21.1s] [错误] TimeoutError class=Transient code=MODBUS.TIMEOUT level=Error key=ss.error.comm device=IM-01, transport=lineA, unit=1, InputRegister@30, elapsed=2093ms, consecutive=14
══════════════════════════════════════════════════════════════════════════════════════════
  屏 #8   T+23.2s   本地时间 23:36:55   质量非 Good 或超过 5s 未刷新会标 !! / ~
══════════════════════════════════════════════════════════════════════════════════════════
  点位                                值                       质量                  年龄       说明
   IM-01/im01.stage               待机                      Good                4.6s     注塑阶段
   IM-01/im01.statusWord          1                       Good                4.6s     状态字
   IM-01/im01.cycleTime           40.5 s                  Good                4.6s     当前周期
   IM-01/im01.goodParts           2                       Good                4.6s     合格品数
   IM-01/im01.rejectParts         0                       Good                4.6s     次品数
!! IM-01/im01.barrel1Temp         --（质量非 Good）            Bad(ss.reason.com…  2.1s     料筒1段温  [原始值 null]
!! IM-01/im01.moldTemp            --（质量非 Good）            Bad(ss.reason.com…  2.1s     模具温度  [原始值 null]
!! IM-01/im01.oilTemp             --（质量非 Good）            Bad(ss.reason.com…  2.1s     液压油温  [原始值 null]
!! IM-01/im01.injectPressure      --（质量非 Good）            Bad(ss.reason.com…  2.1s     射胶压力  [原始值 null]
!! IM-01/im01.energyTotal         --（质量非 Good）            Bad(ss.reason.com…  2.1s     累计能耗  [原始值 null]
!! IM-01/im01.moldTempDev         --（质量非 Good）            Bad(ss.reason.cal…  0.0s     模温偏差(计算点)  [原始值 null]
   IM-01/im01.faultAlarm          False                   Good                4.6s     注塑机报警位
   GW-LINE-B/mtc01.actualTemp     99.5 ℃                  Good                0.1s     模温机温度
   GW-LINE-B/mtc01.pumpFlow       18 L/min                Good                0.1s     模温机流量
   GW-LINE-B/dry01.dryTemp        79.4 ℃                  Good                0.1s     干燥温度
   GW-LINE-B/dry01.dewPoint       -34.5 ℃                 Good                0.1s     露点
   GW-LINE-B/dry01.materialLevel  73 %                    Good                0.1s     料位
   GW-LINE-B/rob01.cycleTime      2.7 s                   Good                0.1s     机械手节拍时间
   GW-LINE-B/rob01.totalPicks     41                      Good                0.1s     累计取件
   EM-01/em01.activePower         112 kW                  Good                0.1s     总有功功率
   EM-01/em01.powerFactor         0.920                   Good                0.1s     功率因数
   EM-01/em01.totalEnergy         3934.24 kWh             Good                0.1s     累计电能
   ENV-01/env01.roomTemp          23.9 ℃                  Good                0.1s     车间温度
   ENV-01/env01.humidity          55 %RH                  Good                0.1s     湿度
   ENV-01/env01.co2               450 ppm                 Good                0.1s     CO2
   ENV-01/env01.highTempAlarm     False                   Good                0.1s     高温报警位
   ENV-01/env01.plantLoad         44.8 %                  Good                0.0s     车间负载率(计算点)
  ── 激活报警：无
  事件计数：值 1002  错误 1  写 1  （明细见 CSV）
[T+25.1s] [错误] TimeoutError class=Transient code=MODBUS.TIMEOUT level=Error key=ss.error.comm device=IM-01, transport=lineA, unit=1, Coil@4, elapsed=4000ms, consecutive=4
[T+25.1s] [q] IM-01/im01.moldCloseJog Good → Bad（ss.reason.comm） 值=null
[T+25.1s] [q] IM-01/im01.start Good → Bad（ss.reason.comm） 值=null
[T+25.1s] [q] IM-01/im01.stop Good → Bad（ss.reason.comm） 值=null
[T+25.1s] [q] IM-01/im01.estop Good → Bad（ss.reason.comm） 值=null
══════════════════════════════════════════════════════════════════════════════════════════
  屏 #9   T+26.2s   本地时间 23:36:58   质量非 Good 或超过 5s 未刷新会标 !! / ~
══════════════════════════════════════════════════════════════════════════════════════════
  点位                                值                       质量                  年龄       说明
~  IM-01/im01.stage               待机                      Good 数据陈旧           7.7s     注塑阶段
~  IM-01/im01.statusWord          1                       Good 数据陈旧           7.7s     状态字
~  IM-01/im01.cycleTime           40.5 s                  Good 数据陈旧           7.7s     当前周期
~  IM-01/im01.goodParts           2                       Good 数据陈旧           7.7s     合格品数
~  IM-01/im01.rejectParts         0                       Good 数据陈旧           7.7s     次品数
!! IM-01/im01.barrel1Temp         --（质量非 Good）            Bad(ss.reason.com…  5.1s     料筒1段温  [原始值 null]
!! IM-01/im01.moldTemp            --（质量非 Good）            Bad(ss.reason.com…  5.1s     模具温度  [原始值 null]
!! IM-01/im01.oilTemp             --（质量非 Good）            Bad(ss.reason.com…  5.1s     液压油温  [原始值 null]
!! IM-01/im01.injectPressure      --（质量非 Good）            Bad(ss.reason.com…  5.1s     射胶压力  [原始值 null]
!! IM-01/im01.energyTotal         --（质量非 Good）            Bad(ss.reason.com…  5.1s     累计能耗  [原始值 null]
!! IM-01/im01.moldTempDev         --（质量非 Good）            Bad(ss.reason.cal…  0.0s     模温偏差(计算点)  [原始值 null]
~  IM-01/im01.faultAlarm          False                   Good 数据陈旧           7.7s     注塑机报警位
   GW-LINE-B/mtc01.actualTemp     99.4 ℃                  Good                0.1s     模温机温度
   GW-LINE-B/mtc01.pumpFlow       37 L/min                Good                0.1s     模温机流量
   GW-LINE-B/dry01.dryTemp        79.4 ℃                  Good                0.1s     干燥温度
   GW-LINE-B/dry01.dewPoint       -34.6 ℃                 Good                0.1s     露点
   GW-LINE-B/dry01.materialLevel  72 %                    Good                0.1s     料位
   GW-LINE-B/rob01.cycleTime      3.0 s                   Good                0.1s     机械手节拍时间
   GW-LINE-B/rob01.totalPicks     41                      Good                0.1s     累计取件
   EM-01/em01.activePower         104 kW                  Good                0.2s     总有功功率
   EM-01/em01.powerFactor         0.888                   Good                0.2s     功率因数
   EM-01/em01.totalEnergy         3943.51 kWh             Good                0.2s     累计电能
   ENV-01/env01.roomTemp          23.8 ℃                  Good                0.2s     车间温度
   ENV-01/env01.humidity          55 %RH                  Good                0.2s     湿度
   ENV-01/env01.co2               450 ppm                 Good                0.2s     CO2
   ENV-01/env01.highTempAlarm     False                   Good                0.2s     高温报警位
   ENV-01/env01.plantLoad         41.6 %                  Good                0.0s     车间负载率(计算点)
  ── 激活报警：无
  事件计数：值 1115  错误 2  写 1  （明细见 CSV）
[T+28.1s] [审计] Indeterminate IM-01/im01.cavitySetTemp value=236 user=op01 msg=ss.error.writeFailed
[T+28.1s] [ops] write IM-01/im01.cavitySetTemp = 236 → Indeterminate  verifyMismatch=False  readback=-  7109ms  user=op01:Operator
        error: code=MODBUS.TIMEOUT key=ss.error.writeFailed source=Device device=IM-01, unit=1, point=im01.cavitySetTemp, HoldingRegister@2, elapsed=3109ms
[T+28.1s] [ops] show IM-01/im01.moldTemp = <非 Good，门面返回 nullText>  [质量 Bad / ss.reason.comm]  原始=null  时间戳=23:36:53.561
        注意：质量非 Good 时门面 GetValue 只返回全局 nullText，宿主必须用 GetValueDetail 才能看到原因
[T+29.1s] [错误] TimeoutError class=Transient code=MODBUS.TIMEOUT level=Error key=ss.error.comm device=IM-01, transport=lineA, unit=1, InputRegister@0, elapsed=4000ms, consecutive=11
[T+29.1s] [q] IM-01/im01.statusWord Good → Bad（ss.reason.comm） 值=null
[T+29.1s] [q] IM-01/im01.alarmCode Good → Bad（ss.reason.comm） 值=null
[T+29.1s] [q] IM-01/im01.totalMolds Good → Bad（ss.reason.comm） 值=null
[T+29.1s] [q] IM-01/im01.goodParts Good → Bad（ss.reason.comm） 值=null
[T+29.1s] [q] IM-01/im01.rejectParts Good → Bad（ss.reason.comm） 值=null
[T+29.1s] [q] IM-01/im01.cycleTime Good → Bad（ss.reason.comm） 值=null
[T+29.1s] [q] IM-01/im01.avgCycleTime Good → Bad（ss.reason.comm） 值=null
[T+29.1s] [q] IM-01/im01.oee Good → Bad（ss.reason.comm） 值=null
[T+29.1s] [q] IM-01/im01.stage Good → Bad（ss.reason.comm） 值=null
[T+29.1s] [q] IM-01/im01.batchNo Good → Bad（ss.reason.comm） 值=null
[T+29.1s] [q] IM-01/im01.prodTime Good → Bad（ss.reason.comm） 值=null
[T+29.1s] [q] IM-01/im01.barrel1Temp Bad → Good 值=190.2
[T+29.1s] [q] IM-01/im01.barrel5Temp Bad → Good 值=147.6
[T+29.1s] [q] IM-01/im01.moldTemp Bad → Good 值=84.5
[T+29.1s] [q] IM-01/im01.oilTemp Bad → Good 值=44.6
[T+29.1s] [q] IM-01/im01.injectPressure Bad → Good 值=0
[T+29.1s] [q] IM-01/im01.injectSpeed Bad → Good 值=0
[T+29.1s] [q] IM-01/im01.screwSpeed Bad → Good 值=0
[T+29.1s] [q] IM-01/im01.clampPressure Bad → Good 值=0
[T+29.1s] [q] IM-01/im01.pumpCurrent Bad → Good 值=0
[T+29.1s] [q] IM-01/im01.hydraulicPressure Bad → Good 值=0
[T+29.1s] [q] IM-01/im01.power Bad → Good 值=3
[T+29.1s] [q] IM-01/im01.meltEnergy Bad → Good 值=0
[T+29.1s] [q] IM-01/im01.energyTotal Bad → Good 值=1.51575000000058
[T+29.1s] [q] IM-01/im01.moldTempDual Bad → Good 值=0
[T+29.1s] [q] IM-01/im01.moldCloseJog Bad → Good 值=False
[T+29.1s] [q] IM-01/im01.start Bad → Good 值=False
[T+29.1s] [q] IM-01/im01.stop Bad → Good 值=False
[T+29.1s] [q] IM-01/im01.estop Bad → Good 值=False
[T+29.1s] [q] IM-01/im01.statusWord Bad → Good 值=1
[T+29.1s] [q] IM-01/im01.alarmCode Bad → Good 值=0
[T+29.1s] [q] IM-01/im01.totalMolds Bad → Good 值=2
[T+29.1s] [q] IM-01/im01.goodParts Bad → Good 值=2
[T+29.1s] [q] IM-01/im01.rejectParts Bad → Good 值=0
[T+29.1s] [q] IM-01/im01.cycleTime Bad → Good 值=40.5
[T+29.1s] [q] IM-01/im01.avgCycleTime Bad → Good 值=37.7
[T+29.1s] [q] IM-01/im01.oee Bad → Good 值=10
[T+29.1s] [q] IM-01/im01.stage Bad → Good 值=0
[T+29.1s] [q] IM-01/im01.batchNo Bad → Good 值=2002
[T+29.1s] [q] IM-01/im01.prodTime Bad → Good 值=2026/9/15 23:37:01
══════════════════════════════════════════════════════════════════════════════════════════
  屏 #10   T+29.2s   本地时间 23:37:01   质量非 Good 或超过 5s 未刷新会标 !! / ~
══════════════════════════════════════════════════════════════════════════════════════════
  点位                                值                       质量                  年龄       说明
   IM-01/im01.stage               待机                      Good                0.1s     注塑阶段
   IM-01/im01.statusWord          1                       Good                0.1s     状态字
   IM-01/im01.cycleTime           40.5 s                  Good                0.1s     当前周期
   IM-01/im01.goodParts           2                       Good                0.1s     合格品数
   IM-01/im01.rejectParts         0                       Good                0.1s     次品数
   IM-01/im01.barrel1Temp         190.2 ℃                 Good                0.1s     料筒1段温
   IM-01/im01.moldTemp            84.5 ℃                  Good                0.1s     模具温度
   IM-01/im01.oilTemp             44.6 ℃                  Good                0.1s     液压油温
   IM-01/im01.injectPressure      0 bar                   Good                0.1s     射胶压力
   IM-01/im01.energyTotal         1.516 kWh               Good                0.1s     累计能耗
   IM-01/im01.moldTempDev         -0.5 ℃                  Good                0.0s     模温偏差(计算点)
   IM-01/im01.faultAlarm          False                   Good                0.1s     注塑机报警位
   GW-LINE-B/mtc01.actualTemp     99.8 ℃                  Good                0.2s     模温机温度
   GW-LINE-B/mtc01.pumpFlow       30 L/min                Good                0.2s     模温机流量
   GW-LINE-B/dry01.dryTemp        79.4 ℃                  Good                0.2s     干燥温度
   GW-LINE-B/dry01.dewPoint       -34.1 ℃                 Good                0.2s     露点
   GW-LINE-B/dry01.materialLevel  71 %                    Good                0.2s     料位
   GW-LINE-B/rob01.cycleTime      2.9 s                   Good                0.2s     机械手节拍时间
   GW-LINE-B/rob01.totalPicks     41                      Good                0.2s     累计取件
   EM-01/em01.activePower         120 kW                  Good                0.2s     总有功功率
   EM-01/em01.powerFactor         0.860                   Good                0.2s     功率因数
   EM-01/em01.totalEnergy         3952.49 kWh             Good                0.2s     累计电能
   ENV-01/env01.roomTemp          23.8 ℃                  Good                0.2s     车间温度
   ENV-01/env01.humidity          53 %RH                  Good                0.2s     湿度
   ENV-01/env01.co2               450 ppm                 Good                0.2s     CO2
   ENV-01/env01.highTempAlarm     False                   Good                0.2s     高温报警位
   ENV-01/env01.plantLoad         48.0 %                  Good                0.0s     车间负载率(计算点)
  ── 激活报警：无
  事件计数：值 1248  错误 3  写 2  （明细见 CSV）
[23:37:02] [资源] T+30.0s  线程 24  句柄 428  GC 后托管堆 1.76 MB
══════════════════════════════════════════════════════════════════════════════════════════
  屏 #11   T+32.3s   本地时间 23:37:04   质量非 Good 或超过 5s 未刷新会标 !! / ~
══════════════════════════════════════════════════════════════════════════════════════════
  点位                                值                       质量                  年龄       说明
   IM-01/im01.stage               待机                      Good                0.1s     注塑阶段
   IM-01/im01.statusWord          1                       Good                0.1s     状态字
   IM-01/im01.cycleTime           40.5 s                  Good                0.1s     当前周期
   IM-01/im01.goodParts           2                       Good                0.1s     合格品数
   IM-01/im01.rejectParts         0                       Good                0.1s     次品数
   IM-01/im01.barrel1Temp         190.2 ℃                 Good                0.1s     料筒1段温
   IM-01/im01.moldTemp            84.6 ℃                  Good                0.1s     模具温度
   IM-01/im01.oilTemp             44.6 ℃                  Good                0.1s     液压油温
   IM-01/im01.injectPressure      0 bar                   Good                0.1s     射胶压力
   IM-01/im01.energyTotal         1.518 kWh               Good                0.1s     累计能耗
   IM-01/im01.moldTempDev         -0.4 ℃                  Good                0.0s     模温偏差(计算点)
   IM-01/im01.faultAlarm          False                   Good                0.1s     注塑机报警位
   GW-LINE-B/mtc01.actualTemp     99.5 ℃                  Good                0.2s     模温机温度
   GW-LINE-B/mtc01.pumpFlow       21 L/min                Good                0.2s     模温机流量
   GW-LINE-B/dry01.dryTemp        79.4 ℃                  Good                0.2s     干燥温度
   GW-LINE-B/dry01.dewPoint       -34.2 ℃                 Good                0.2s     露点
   GW-LINE-B/dry01.materialLevel  70 %                    Good                0.2s     料位
   GW-LINE-B/rob01.cycleTime      2.7 s                   Good                0.2s     机械手节拍时间
   GW-LINE-B/rob01.totalPicks     41                      Good                0.2s     累计取件
   EM-01/em01.activePower         125 kW                  Good                0.2s     总有功功率
   EM-01/em01.powerFactor         0.872                   Good                0.2s     功率因数
   EM-01/em01.totalEnergy         3962.02 kWh             Good                0.2s     累计电能
   ENV-01/env01.roomTemp          23.9 ℃                  Good                0.2s     车间温度
   ENV-01/env01.humidity          54 %RH                  Good                0.2s     湿度
   ENV-01/env01.co2               450 ppm                 Good                0.2s     CO2
   ENV-01/env01.highTempAlarm     False                   Good                0.2s     高温报警位
   ENV-01/env01.plantLoad         50.0 %                  Good                0.0s     车间负载率(计算点)
  ── 激活报警：无
  事件计数：值 1370  错误 3  写 2  （明细见 CSV）
[T+33.0s] [ops] —— 恢复后（期待 Good） ——
[T+33.0s] [ops] show IM-01/im01.moldTemp = 84.6 ℃  [质量 Good]  原始=84.6  时间戳=23:37:04.576
══════════════════════════════════════════════════════════════════════════════════════════
  屏 #12   T+35.3s   本地时间 23:37:07   质量非 Good 或超过 5s 未刷新会标 !! / ~
══════════════════════════════════════════════════════════════════════════════════════════
  点位                                值                       质量                  年龄       说明
   IM-01/im01.stage               待机                      Good                0.1s     注塑阶段
   IM-01/im01.statusWord          1                       Good                0.1s     状态字
   IM-01/im01.cycleTime           40.5 s                  Good                0.1s     当前周期
   IM-01/im01.goodParts           2                       Good                0.1s     合格品数
   IM-01/im01.rejectParts         0                       Good                0.1s     次品数
   IM-01/im01.barrel1Temp         190.2 ℃                 Good                0.1s     料筒1段温
   IM-01/im01.moldTemp            84.6 ℃                  Good                0.1s     模具温度
   IM-01/im01.oilTemp             44.4 ℃                  Good                0.1s     液压油温
   IM-01/im01.injectPressure      0 bar                   Good                0.1s     射胶压力
   IM-01/im01.energyTotal         1.521 kWh               Good                0.1s     累计能耗
   IM-01/im01.moldTempDev         -0.4 ℃                  Good                0.0s     模温偏差(计算点)
   IM-01/im01.faultAlarm          False                   Good                0.1s     注塑机报警位
   GW-LINE-B/mtc01.actualTemp     99.4 ℃                  Good                0.2s     模温机温度
   GW-LINE-B/mtc01.pumpFlow       17 L/min                Good                0.2s     模温机流量
   GW-LINE-B/dry01.dryTemp        79.4 ℃                  Good                0.2s     干燥温度
   GW-LINE-B/dry01.dewPoint       -34.6 ℃                 Good                0.2s     露点
   GW-LINE-B/dry01.materialLevel  69 %                    Good                0.2s     料位
   GW-LINE-B/rob01.cycleTime      3.2 s                   Good                0.2s     机械手节拍时间
   GW-LINE-B/rob01.totalPicks     41                      Good                0.2s     累计取件
   EM-01/em01.activePower         121 kW                  Good                0.2s     总有功功率
   EM-01/em01.powerFactor         0.892                   Good                0.2s     功率因数
   EM-01/em01.totalEnergy         3972.11 kWh             Good                0.2s     累计电能
   ENV-01/env01.roomTemp          23.9 ℃                  Good                0.2s     车间温度
   ENV-01/env01.humidity          55 %RH                  Good                0.2s     湿度
   ENV-01/env01.co2               450 ppm                 Good                0.2s     CO2
   ENV-01/env01.highTempAlarm     False                   Good                0.2s     高温报警位
   ENV-01/env01.plantLoad         48.4 %                  Good                0.0s     车间负载率(计算点)
  ── 激活报警：无
  事件计数：值 1481  错误 3  写 2  （明细见 CSV）
══════════════════════════════════════════════════════════════════════════════════════════
  屏 #13   T+38.3s   本地时间 23:37:10   质量非 Good 或超过 5s 未刷新会标 !! / ~
══════════════════════════════════════════════════════════════════════════════════════════
  点位                                值                       质量                  年龄       说明
   IM-01/im01.stage               待机                      Good                0.1s     注塑阶段
   IM-01/im01.statusWord          1                       Good                0.1s     状态字
   IM-01/im01.cycleTime           40.5 s                  Good                0.1s     当前周期
   IM-01/im01.goodParts           2                       Good                0.1s     合格品数
   IM-01/im01.rejectParts         0                       Good                0.1s     次品数
   IM-01/im01.barrel1Temp         190.2 ℃                 Good                0.2s     料筒1段温
   IM-01/im01.moldTemp            84.6 ℃                  Good                0.2s     模具温度
   IM-01/im01.oilTemp             44.9 ℃                  Good                0.2s     液压油温
   IM-01/im01.injectPressure      0 bar                   Good                0.2s     射胶压力
   IM-01/im01.energyTotal         1.523 kWh               Good                0.2s     累计能耗
   IM-01/im01.moldTempDev         -0.4 ℃                  Good                0.0s     模温偏差(计算点)
   IM-01/im01.faultAlarm          False                   Good                0.1s     注塑机报警位
   GW-LINE-B/mtc01.actualTemp     99.3 ℃                  Good                0.2s     模温机温度
   GW-LINE-B/mtc01.pumpFlow       18 L/min                Good                0.2s     模温机流量
   GW-LINE-B/dry01.dryTemp        79.4 ℃                  Good                0.2s     干燥温度
   GW-LINE-B/dry01.dewPoint       -34.7 ℃                 Good                0.2s     露点
   GW-LINE-B/dry01.materialLevel  69 %                    Good                0.2s     料位
   GW-LINE-B/rob01.cycleTime      2.7 s                   Good                0.2s     机械手节拍时间
   GW-LINE-B/rob01.totalPicks     41                      Good                0.2s     累计取件
   EM-01/em01.activePower         131 kW                  Good                0.2s     总有功功率
   EM-01/em01.powerFactor         0.915                   Good                0.2s     功率因数
   EM-01/em01.totalEnergy         3981.79 kWh             Good                0.2s     累计电能
   ENV-01/env01.roomTemp          23.8 ℃                  Good                0.2s     车间温度
   ENV-01/env01.humidity          54 %RH                  Good                0.2s     湿度
   ENV-01/env01.co2               450 ppm                 Good                0.2s     CO2
   ENV-01/env01.highTempAlarm     False                   Good                0.2s     高温报警位
   ENV-01/env01.plantLoad         52.4 %                  Good                0.0s     车间负载率(计算点)
  ── 激活报警：无
  事件计数：值 1588  错误 3  写 2  （明细见 CSV）
[T+40.0s] [ops] write IM-01/im01.cavitySetTemp = 234 → Succeeded  verifyMismatch=False  readback=234 ℃[Good]  3ms  user=op01:Operator
══════════════════════════════════════════════════════════════════════════════════════════
  屏 #14   T+41.3s   本地时间 23:37:13   质量非 Good 或超过 5s 未刷新会标 !! / ~
══════════════════════════════════════════════════════════════════════════════════════════
  点位                                值                       质量                  年龄       说明
   IM-01/im01.stage               待机                      Good                0.2s     注塑阶段
   IM-01/im01.statusWord          1                       Good                0.2s     状态字
   IM-01/im01.cycleTime           40.5 s                  Good                0.2s     当前周期
   IM-01/im01.goodParts           2                       Good                0.2s     合格品数
   IM-01/im01.rejectParts         0                       Good                0.2s     次品数
   IM-01/im01.barrel1Temp         191.2 ℃                 Good                0.2s     料筒1段温
   IM-01/im01.moldTemp            84.5 ℃                  Good                0.2s     模具温度
   IM-01/im01.oilTemp             44.4 ℃                  Good                0.2s     液压油温
   IM-01/im01.injectPressure      0 bar                   Good                0.2s     射胶压力
   IM-01/im01.energyTotal         1.526 kWh               Good                0.2s     累计能耗
   IM-01/im01.moldTempDev         -0.5 ℃                  Good                0.0s     模温偏差(计算点)
   IM-01/im01.faultAlarm          False                   Good                0.2s     注塑机报警位
   GW-LINE-B/mtc01.actualTemp     99.3 ℃                  Good                0.2s     模温机温度
   GW-LINE-B/mtc01.pumpFlow       26 L/min                Good                0.2s     模温机流量
   GW-LINE-B/dry01.dryTemp        79.4 ℃                  Good                0.2s     干燥温度
   GW-LINE-B/dry01.dewPoint       -34.4 ℃                 Good                0.2s     露点
   GW-LINE-B/dry01.materialLevel  68 %                    Good                0.2s     料位
   GW-LINE-B/rob01.cycleTime      3.0 s                   Good                0.2s     机械手节拍时间
   GW-LINE-B/rob01.totalPicks     41                      Good                0.2s     累计取件
   EM-01/em01.activePower         109 kW                  Good                0.3s     总有功功率
   EM-01/em01.powerFactor         0.863                   Good                0.3s     功率因数
   EM-01/em01.totalEnergy         3991.08 kWh             Good                0.3s     累计电能
   ENV-01/env01.roomTemp          23.9 ℃                  Good                0.3s     车间温度
   ENV-01/env01.humidity          56 %RH                  Good                0.3s     湿度
   ENV-01/env01.co2               450 ppm                 Good                0.3s     CO2
   ENV-01/env01.highTempAlarm     False                   Good                0.3s     高温报警位
   ENV-01/env01.plantLoad         43.6 %                  Good                0.0s     车间负载率(计算点)
  ── 激活报警：无
  事件计数：值 1718  错误 3  写 3  （明细见 CSV）
══════════════════════════════════════════════════════════════════════════════════════════
  屏 #15   T+44.3s   本地时间 23:37:16   质量非 Good 或超过 5s 未刷新会标 !! / ~
══════════════════════════════════════════════════════════════════════════════════════════
  点位                                值                       质量                  年龄       说明
   IM-01/im01.stage               待机                      Good                0.2s     注塑阶段
   IM-01/im01.statusWord          1                       Good                0.2s     状态字
   IM-01/im01.cycleTime           40.5 s                  Good                0.2s     当前周期
   IM-01/im01.goodParts           2                       Good                0.2s     合格品数
   IM-01/im01.rejectParts         0                       Good                0.2s     次品数
   IM-01/im01.barrel1Temp         191.2 ℃                 Good                0.2s     料筒1段温
   IM-01/im01.moldTemp            84.6 ℃                  Good                0.2s     模具温度
   IM-01/im01.oilTemp             44.8 ℃                  Good                0.2s     液压油温
   IM-01/im01.injectPressure      0 bar                   Good                0.2s     射胶压力
   IM-01/im01.energyTotal         1.528 kWh               Good                0.2s     累计能耗
   IM-01/im01.moldTempDev         -0.4 ℃                  Good                0.0s     模温偏差(计算点)
   IM-01/im01.faultAlarm          False                   Good                0.2s     注塑机报警位
   GW-LINE-B/mtc01.actualTemp     99.6 ℃                  Good                0.3s     模温机温度
   GW-LINE-B/mtc01.pumpFlow       18 L/min                Good                0.3s     模温机流量
   GW-LINE-B/dry01.dryTemp        79.4 ℃                  Good                0.3s     干燥温度
   GW-LINE-B/dry01.dewPoint       -34.7 ℃                 Good                0.3s     露点
   GW-LINE-B/dry01.materialLevel  67 %                    Good                0.3s     料位
   GW-LINE-B/rob01.cycleTime      2.8 s                   Good                0.2s     机械手节拍时间
   GW-LINE-B/rob01.totalPicks     42                      Good                0.2s     累计取件
   EM-01/em01.activePower         107 kW                  Good                0.3s     总有功功率
   EM-01/em01.powerFactor         0.882                   Good                0.3s     功率因数
   EM-01/em01.totalEnergy         4000.34 kWh             Good                0.3s     累计电能
   ENV-01/env01.roomTemp          23.9 ℃                  Good                0.3s     车间温度
   ENV-01/env01.humidity          56 %RH                  Good                0.3s     湿度
   ENV-01/env01.co2               450 ppm                 Good                0.3s     CO2
   ENV-01/env01.highTempAlarm     False                   Good                0.3s     高温报警位
   ENV-01/env01.plantLoad         42.8 %                  Good                0.0s     车间负载率(计算点)
  ── 激活报警：无
  事件计数：值 1829  错误 3  写 3  （明细见 CSV）
[T+45.0s] [ops] —— 演练结束 ——
══════════════════════════════════════════════════════════════════════════════════════════
  屏 #16   T+47.4s   本地时间 23:37:19   质量非 Good 或超过 5s 未刷新会标 !! / ~
══════════════════════════════════════════════════════════════════════════════════════════
  点位                                值                       质量                  年龄       说明
   IM-01/im01.stage               待机                      Good                0.2s     注塑阶段
   IM-01/im01.statusWord          1                       Good                0.2s     状态字
   IM-01/im01.cycleTime           40.5 s                  Good                0.2s     当前周期
   IM-01/im01.goodParts           2                       Good                0.2s     合格品数
   IM-01/im01.rejectParts         0                       Good                0.2s     次品数
   IM-01/im01.barrel1Temp         191.2 ℃                 Good                0.2s     料筒1段温
   IM-01/im01.moldTemp            84.5 ℃                  Good                0.2s     模具温度
   IM-01/im01.oilTemp             44.7 ℃                  Good                0.2s     液压油温
   IM-01/im01.injectPressure      0 bar                   Good                0.2s     射胶压力
   IM-01/im01.energyTotal         1.531 kWh               Good                0.2s     累计能耗
   IM-01/im01.moldTempDev         -0.5 ℃                  Good                0.0s     模温偏差(计算点)
   IM-01/im01.faultAlarm          False                   Good                0.2s     注塑机报警位
   GW-LINE-B/mtc01.actualTemp     99.2 ℃                  Good                0.3s     模温机温度
   GW-LINE-B/mtc01.pumpFlow       40 L/min                Good                0.3s     模温机流量
   GW-LINE-B/dry01.dryTemp        79.4 ℃                  Good                0.3s     干燥温度
   GW-LINE-B/dry01.dewPoint       -34.6 ℃                 Good                0.3s     露点
   GW-LINE-B/dry01.materialLevel  66 %                    Good                0.3s     料位
   GW-LINE-B/rob01.cycleTime      3.1 s                   Good                0.3s     机械手节拍时间
   GW-LINE-B/rob01.totalPicks     42                      Good                0.3s     累计取件
   EM-01/em01.activePower         115 kW                  Good                0.3s     总有功功率
   EM-01/em01.powerFactor         0.909                   Good                0.3s     功率因数
   EM-01/em01.totalEnergy         4009.42 kWh             Good                0.3s     累计电能
   ENV-01/env01.roomTemp          24.0 ℃                  Good                0.3s     车间温度
   ENV-01/env01.humidity          53 %RH                  Good                0.3s     湿度
   ENV-01/env01.co2               450 ppm                 Good                0.3s     CO2
   ENV-01/env01.highTempAlarm     False                   Good                0.3s     高温报警位
   ENV-01/env01.plantLoad         46.0 %                  Good                0.0s     车间负载率(计算点)
  ── 激活报警：无
  事件计数：值 1944  错误 3  写 3  （明细见 CSV）
══════════════════════════════════════════════════════════════════════════════════════════
  屏 #17   T+50.4s   本地时间 23:37:22   质量非 Good 或超过 5s 未刷新会标 !! / ~
══════════════════════════════════════════════════════════════════════════════════════════
  点位                                值                       质量                  年龄       说明
   IM-01/im01.stage               待机                      Good                0.2s     注塑阶段
   IM-01/im01.statusWord          1                       Good                0.2s     状态字
   IM-01/im01.cycleTime           40.5 s                  Good                0.2s     当前周期
   IM-01/im01.goodParts           2                       Good                0.2s     合格品数
   IM-01/im01.rejectParts         0                       Good                0.2s     次品数
   IM-01/im01.barrel1Temp         191.2 ℃                 Good                0.2s     料筒1段温
   IM-01/im01.moldTemp            84.6 ℃                  Good                0.2s     模具温度
   IM-01/im01.oilTemp             44.6 ℃                  Good                0.2s     液压油温
   IM-01/im01.injectPressure      0 bar                   Good                0.2s     射胶压力
   IM-01/im01.energyTotal         1.533 kWh               Good                0.2s     累计能耗
   IM-01/im01.moldTempDev         -0.4 ℃                  Good                0.0s     模温偏差(计算点)
   IM-01/im01.faultAlarm          False                   Good                0.2s     注塑机报警位
   GW-LINE-B/mtc01.actualTemp     99.4 ℃                  Good                0.3s     模温机温度
   GW-LINE-B/mtc01.pumpFlow       36 L/min                Good                0.3s     模温机流量
   GW-LINE-B/dry01.dryTemp        79.4 ℃                  Good                0.3s     干燥温度
   GW-LINE-B/dry01.dewPoint       -33.9 ℃                 Good                0.3s     露点
   GW-LINE-B/dry01.materialLevel  65 %                    Good                0.3s     料位
   GW-LINE-B/rob01.cycleTime      2.9 s                   Good                0.3s     机械手节拍时间
   GW-LINE-B/rob01.totalPicks     42                      Good                0.3s     累计取件
   EM-01/em01.activePower         114 kW                  Good                0.3s     总有功功率
   EM-01/em01.powerFactor         0.942                   Good                0.3s     功率因数
   EM-01/em01.totalEnergy         4018.53 kWh             Good                0.3s     累计电能
   ENV-01/env01.roomTemp          24.0 ℃                  Good                0.3s     车间温度
   ENV-01/env01.humidity          53 %RH                  Good                0.3s     湿度
   ENV-01/env01.co2               450 ppm                 Good                0.3s     CO2
   ENV-01/env01.highTempAlarm     False                   Good                0.3s     高温报警位
   ENV-01/env01.plantLoad         45.6 %                  Good                0.0s     车间负载率(计算点)
  ── 激活报警：无
  事件计数：值 2054  错误 3  写 3  （明细见 CSV）
══════════════════════════════════════════════════════════════════════════════════════════
  屏 #18   T+53.4s   本地时间 23:37:25   质量非 Good 或超过 5s 未刷新会标 !! / ~
══════════════════════════════════════════════════════════════════════════════════════════
  点位                                值                       质量                  年龄       说明
   IM-01/im01.stage               待机                      Good                0.2s     注塑阶段
   IM-01/im01.statusWord          1                       Good                0.2s     状态字
   IM-01/im01.cycleTime           40.5 s                  Good                0.2s     当前周期
   IM-01/im01.goodParts           2                       Good                0.2s     合格品数
   IM-01/im01.rejectParts         0                       Good                0.2s     次品数
   IM-01/im01.barrel1Temp         191.2 ℃                 Good                0.2s     料筒1段温
   IM-01/im01.moldTemp            84.5 ℃                  Good                0.2s     模具温度
   IM-01/im01.oilTemp             44.3 ℃                  Good                0.2s     液压油温
   IM-01/im01.injectPressure      0 bar                   Good                0.2s     射胶压力
   IM-01/im01.energyTotal         1.536 kWh               Good                0.2s     累计能耗
   IM-01/im01.moldTempDev         -0.5 ℃                  Good                0.0s     模温偏差(计算点)
   IM-01/im01.faultAlarm          False                   Good                0.2s     注塑机报警位
   GW-LINE-B/mtc01.actualTemp     99.6 ℃                  Good                0.3s     模温机温度
   GW-LINE-B/mtc01.pumpFlow       20 L/min                Good                0.3s     模温机流量
   GW-LINE-B/dry01.dryTemp        79.4 ℃                  Good                0.3s     干燥温度
   GW-LINE-B/dry01.dewPoint       -34.2 ℃                 Good                0.3s     露点
   GW-LINE-B/dry01.materialLevel  64 %                    Good                0.3s     料位
   GW-LINE-B/rob01.cycleTime      2.7 s                   Good                0.3s     机械手节拍时间
   GW-LINE-B/rob01.totalPicks     42                      Good                0.3s     累计取件
   EM-01/em01.activePower         120 kW                  Good                0.3s     总有功功率
   EM-01/em01.powerFactor         0.939                   Good                0.3s     功率因数
   EM-01/em01.totalEnergy         4027.76 kWh             Good                0.3s     累计电能
   ENV-01/env01.roomTemp          24.0 ℃                  Good                0.3s     车间温度
   ENV-01/env01.humidity          57 %RH                  Good                0.3s     湿度
   ENV-01/env01.co2               450 ppm                 Good                0.3s     CO2
   ENV-01/env01.highTempAlarm     False                   Good                0.3s     高温报警位
   ENV-01/env01.plantLoad         48.0 %                  Good                0.0s     车间负载率(计算点)
  ── 激活报警：无
  事件计数：值 2159  错误 3  写 3  （明细见 CSV）
══════════════════════════════════════════════════════════════════════════════════════════
  屏 #19   T+56.4s   本地时间 23:37:28   质量非 Good 或超过 5s 未刷新会标 !! / ~
══════════════════════════════════════════════════════════════════════════════════════════
  点位                                值                       质量                  年龄       说明
   IM-01/im01.stage               待机                      Good                0.2s     注塑阶段
   IM-01/im01.statusWord          1                       Good                0.2s     状态字
   IM-01/im01.cycleTime           40.5 s                  Good                0.2s     当前周期
   IM-01/im01.goodParts           2                       Good                0.2s     合格品数
   IM-01/im01.rejectParts         0                       Good                0.2s     次品数
   IM-01/im01.barrel1Temp         191.2 ℃                 Good                0.3s     料筒1段温
   IM-01/im01.moldTemp            84.6 ℃                  Good                0.3s     模具温度
   IM-01/im01.oilTemp             44.7 ℃                  Good                0.3s     液压油温
   IM-01/im01.injectPressure      0 bar                   Good                0.3s     射胶压力
   IM-01/im01.energyTotal         1.538 kWh               Good                0.3s     累计能耗
   IM-01/im01.moldTempDev         -0.4 ℃                  Good                0.0s     模温偏差(计算点)
   IM-01/im01.faultAlarm          False                   Good                0.2s     注塑机报警位
   GW-LINE-B/mtc01.actualTemp     99.5 ℃                  Good                0.3s     模温机温度
   GW-LINE-B/mtc01.pumpFlow       28 L/min                Good                0.3s     模温机流量
   GW-LINE-B/dry01.dryTemp        79.4 ℃                  Good                0.3s     干燥温度
   GW-LINE-B/dry01.dewPoint       -34.9 ℃                 Good                0.3s     露点
   GW-LINE-B/dry01.materialLevel  63 %                    Good                0.3s     料位
   GW-LINE-B/rob01.cycleTime      3.2 s                   Good                0.3s     机械手节拍时间
   GW-LINE-B/rob01.totalPicks     42                      Good                0.3s     累计取件
   EM-01/em01.activePower         117 kW                  Good                0.4s     总有功功率
   EM-01/em01.powerFactor         0.893                   Good                0.4s     功率因数
   EM-01/em01.totalEnergy         4036.78 kWh             Good                0.4s     累计电能
   ENV-01/env01.roomTemp          23.9 ℃                  Good                0.3s     车间温度
   ENV-01/env01.humidity          54 %RH                  Good                0.3s     湿度
   ENV-01/env01.co2               450 ppm                 Good                0.3s     CO2
   ENV-01/env01.highTempAlarm     False                   Good                0.3s     高温报警位
   ENV-01/env01.plantLoad         46.8 %                  Good                0.0s     车间负载率(计算点)
  ── 激活报警：无
  事件计数：值 2276  错误 3  写 3  （明细见 CSV）
══════════════════════════════════════════════════════════════════════════════════════════
  屏 #20   T+59.4s   本地时间 23:37:31   质量非 Good 或超过 5s 未刷新会标 !! / ~
══════════════════════════════════════════════════════════════════════════════════════════
  点位                                值                       质量                  年龄       说明
   IM-01/im01.stage               待机                      Good                0.3s     注塑阶段
   IM-01/im01.statusWord          1                       Good                0.3s     状态字
   IM-01/im01.cycleTime           40.5 s                  Good                0.3s     当前周期
   IM-01/im01.goodParts           2                       Good                0.3s     合格品数
   IM-01/im01.rejectParts         0                       Good                0.3s     次品数
   IM-01/im01.barrel1Temp         191.2 ℃                 Good                0.3s     料筒1段温
   IM-01/im01.moldTemp            84.6 ℃                  Good                0.3s     模具温度
   IM-01/im01.oilTemp             44.4 ℃                  Good                0.3s     液压油温
   IM-01/im01.injectPressure      0 bar                   Good                0.3s     射胶压力
   IM-01/im01.energyTotal         1.541 kWh               Good                0.3s     累计能耗
   IM-01/im01.moldTempDev         -0.4 ℃                  Good                0.0s     模温偏差(计算点)
   IM-01/im01.faultAlarm          False                   Good                0.3s     注塑机报警位
   GW-LINE-B/mtc01.actualTemp     99.5 ℃                  Good                0.3s     模温机温度
   GW-LINE-B/mtc01.pumpFlow       21 L/min                Good                0.3s     模温机流量
   GW-LINE-B/dry01.dryTemp        79.4 ℃                  Good                0.3s     干燥温度
   GW-LINE-B/dry01.dewPoint       -34.0 ℃                 Good                0.3s     露点
   GW-LINE-B/dry01.materialLevel  62 %                    Good                0.3s     料位
   GW-LINE-B/rob01.cycleTime      2.8 s                   Good                0.3s     机械手节拍时间
   GW-LINE-B/rob01.totalPicks     42                      Good                0.3s     累计取件
   EM-01/em01.activePower         123 kW                  Good                0.4s     总有功功率
   EM-01/em01.powerFactor         0.896                   Good                0.4s     功率因数
   EM-01/em01.totalEnergy         4045.63 kWh             Good                0.4s     累计电能
   ENV-01/env01.roomTemp          23.9 ℃                  Good                0.4s     车间温度
   ENV-01/env01.humidity          53 %RH                  Good                0.4s     湿度
   ENV-01/env01.co2               450 ppm                 Good                0.4s     CO2
   ENV-01/env01.highTempAlarm     False                   Good                0.4s     高温报警位
   ENV-01/env01.plantLoad         49.2 %                  Good                0.0s     车间负载率(计算点)
  ── 激活报警：无
  事件计数：值 2377  错误 3  写 3  （明细见 CSV）

[23:37:32] 停机：达到 --duration，正在优雅停止（先停操作脚本，再停引擎轮询）…
╔══════════════════════════════════════════════════════════════════════════════════════╗
║ 运行汇总（退出原因：达到 --duration                                                     ）║
╚══════════════════════════════════════════════════════════════════════════════════════╝
  配置     : D:\IT\SuperModbus\SuperSampler\samples\InjectionLineMonitor\line.xml
  操作脚本 : run/run3/drill3_ops.txt
  运行时长 : 60.1s

── 宿主操作动作（脚本侧统计）───────────────────────────────────────────────
  普通写 3 次  点动写 0 次  报警确认 0 次（其中 NotPending 0）  查看 3 次
  VerifyMismatch 次数：0（写成功但回读值与写入值不同的次数；框架不自动重试，须人工判断）  宿主侧动作异常 0 次

── 事件计数 ────────────────────────────────────────────────────────────────
  值变化事件 : 2419（Good 2390 / Uncertain 0 / Bad 29 / Offline 0）
  报警事件   : 激活 0  清除 0  确认 0（结束时仍在激活：无）
  写审计事件 : 3（Succeeded 2 / Failed 0 / Indeterminate 1 / Rejected 0）
  错误事件   : 3（Transient 3）
  错误码     : MODBUS.TIMEOUT 3
  事件总线 : 发出 2425  丢弃 0  订阅者异常 0  活跃订阅 6
             · 值变化 PointValueChanged              投递 2419 丢弃 0 异常 0
             · 报警激活 AlarmRaised                   投递 0 丢弃 0 异常 0
             · 报警清除 AlarmCleared                  投递 0 丢弃 0 异常 0
             · 报警确认 AlarmAcknowledged             投递 0 丢弃 0 异常 0
             · 写审计 PointWritten                   投递 3 丢弃 0 异常 0
             · 错误族 IErrorEvent（基接口）               投递 3 丢弃 0 异常 0

── 质量分布（每显示周期采样一次，全部点位）──────────────────────────────────
  全部点位合计：采样 2840 点次  Good 98.8%  Uncertain 0.0%  Bad 1.2%  Offline 0.0%
  出现非 Good 的点位（19 个）：
    IM-01/im01.barrel1Temp                采样 20 次：Good 90.0% / Bad 10.0%
    IM-01/im01.barrel5Temp                采样 20 次：Good 90.0% / Bad 10.0%
    IM-01/im01.moldTemp                   采样 20 次：Good 90.0% / Bad 10.0%
    IM-01/im01.oilTemp                    采样 20 次：Good 90.0% / Bad 10.0%
    IM-01/im01.injectPressure             采样 20 次：Good 90.0% / Bad 10.0%
    IM-01/im01.injectSpeed                采样 20 次：Good 90.0% / Bad 10.0%
    IM-01/im01.screwSpeed                 采样 20 次：Good 90.0% / Bad 10.0%
    IM-01/im01.clampPressure              采样 20 次：Good 90.0% / Bad 10.0%
    IM-01/im01.pumpCurrent                采样 20 次：Good 90.0% / Bad 10.0%
    IM-01/im01.hydraulicPressure          采样 20 次：Good 90.0% / Bad 10.0%
    IM-01/im01.power                      采样 20 次：Good 90.0% / Bad 10.0%
    IM-01/im01.meltEnergy                 采样 20 次：Good 90.0% / Bad 10.0%
    IM-01/im01.energyTotal                采样 20 次：Good 90.0% / Bad 10.0%
    IM-01/im01.moldTempDual               采样 20 次：Good 90.0% / Bad 10.0%
    IM-01/im01.moldTempDev                采样 20 次：Good 90.0% / Bad 10.0%
    IM-01/im01.moldCloseJog               采样 20 次：Good 95.0% / Bad 5.0%
    IM-01/im01.start                      采样 20 次：Good 95.0% / Bad 5.0%
    IM-01/im01.stop                       采样 20 次：Good 95.0% / Bad 5.0%
    IM-01/im01.estop                      采样 20 次：Good 95.0% / Bad 5.0%

── 质量跃迁（断线/恢复证据，共 58 条）────────────
  T+29.1s IM-01/im01.statusWord Good → Bad（ss.reason.comm） 值=null
  T+29.1s IM-01/im01.alarmCode Good → Bad（ss.reason.comm） 值=null
  T+29.1s IM-01/im01.totalMolds Good → Bad（ss.reason.comm） 值=null
  T+29.1s IM-01/im01.goodParts Good → Bad（ss.reason.comm） 值=null
  T+29.1s IM-01/im01.rejectParts Good → Bad（ss.reason.comm） 值=null
  T+29.1s IM-01/im01.cycleTime Good → Bad（ss.reason.comm） 值=null
  T+29.1s IM-01/im01.avgCycleTime Good → Bad（ss.reason.comm） 值=null
  T+29.1s IM-01/im01.oee Good → Bad（ss.reason.comm） 值=null
  T+29.1s IM-01/im01.stage Good → Bad（ss.reason.comm） 值=null
  T+29.1s IM-01/im01.batchNo Good → Bad（ss.reason.comm） 值=null
  T+29.1s IM-01/im01.prodTime Good → Bad（ss.reason.comm） 值=null
  T+29.1s IM-01/im01.barrel1Temp Bad → Good 值=190.2
  T+29.1s IM-01/im01.barrel5Temp Bad → Good 值=147.6
  T+29.1s IM-01/im01.moldTemp Bad → Good 值=84.5
  T+29.1s IM-01/im01.oilTemp Bad → Good 值=44.6
  T+29.1s IM-01/im01.injectPressure Bad → Good 值=0
  T+29.1s IM-01/im01.injectSpeed Bad → Good 值=0
  T+29.1s IM-01/im01.screwSpeed Bad → Good 值=0
  T+29.1s IM-01/im01.clampPressure Bad → Good 值=0
  T+29.1s IM-01/im01.pumpCurrent Bad → Good 值=0
  T+29.1s IM-01/im01.hydraulicPressure Bad → Good 值=0
  T+29.1s IM-01/im01.power Bad → Good 值=3
  T+29.1s IM-01/im01.meltEnergy Bad → Good 值=0
  T+29.1s IM-01/im01.energyTotal Bad → Good 值=1.51575000000058
  T+29.1s IM-01/im01.moldTempDual Bad → Good 值=0
  T+29.1s IM-01/im01.moldCloseJog Bad → Good 值=False
  T+29.1s IM-01/im01.start Bad → Good 值=False
  T+29.1s IM-01/im01.stop Bad → Good 值=False
  T+29.1s IM-01/im01.estop Bad → Good 值=False
  T+29.1s IM-01/im01.statusWord Bad → Good 值=1
  T+29.1s IM-01/im01.alarmCode Bad → Good 值=0
  T+29.1s IM-01/im01.totalMolds Bad → Good 值=2
  T+29.1s IM-01/im01.goodParts Bad → Good 值=2
  T+29.1s IM-01/im01.rejectParts Bad → Good 值=0
  T+29.1s IM-01/im01.cycleTime Bad → Good 值=40.5
  T+29.1s IM-01/im01.avgCycleTime Bad → Good 值=37.7
  T+29.1s IM-01/im01.oee Bad → Good 值=10
  T+29.1s IM-01/im01.stage Bad → Good 值=0
  T+29.1s IM-01/im01.batchNo Bad → Good 值=2002
  T+29.1s IM-01/im01.prodTime Bad → Good 值=2026/9/15 23:37:01

── 报警三态流水（共 0 条）──────────────────────────────
  运行期间无报警事件
  结束时仍在激活：无

── 进程资源（每 30s 采样，长稳判据）────────────────────────────────────────
  时间     运行(s)  线程  句柄   GC后托管堆   值事件   错误事件
  23:36:32     0.0    17   319     1.62 MB        0         0
  23:37:02    30.0    24   428     1.76 MB     1259         3
  首末差：线程 +7  句柄 +109  托管堆 +0.15 MB

── 落盘文件 ────────────────────────────────────────────────────────────────
  values.csv    值变化事件（每点每次变化一行）
  alarms.csv    报警三态（Raised/Cleared/Acknowledged）
  writes.csv    写审计事件（框架发出，含四态）
  errors.csv    错误族事件（含分类/错误码/结构化上下文）
  ops.csv       宿主操作脚本结果（含 WriteResult 的 VerifyMismatch 与 Readback）
  resources.csv 每 30s 的进程资源采样

