╔══════════════════════════════════════════════════════════════════════════════════════╗
║ InjectionLineMonitor —— 注塑产线监视线（SuperSampler 宿主样例，net46 控制台）        ║
╚══════════════════════════════════════════════════════════════════════════════════════╝
  操作者身份 : op01:Operator（写值与报警确认都带它）
  运行时长   : 55s   显示周期 5s   CSV 目录 D:\IT\SuperModbus\SuperSampler\samples\InjectionLineMonitor\run\run4\csv
── 配置解析摘要 ─────────────────────────────────────────────────────────────
  配置文件   : D:\IT\SuperModbus\SuperSampler\samples\InjectionLineMonitor\line.xml
  工程       : 注塑产线数据采集（InjectionLineMonitor）  修订 1  作者 Sarige
  schema     : 3.x  unsupportedPolicy=warn
  语言/坏值  : zh_CN/en_US  nullText="--"  全局 swap=Word
  规模       : 链路 3  设备 4  点表 4  点位 142/142（可写 33 / 计算点 2 / 报警 2）
  通信策略   : 超时 1000ms  重试 1x100ms  断线质量=bad/null  staleAfter=5000ms  原始读写=关

  扫描组     : fast[poll 500ms]  normal[poll 1000ms+50ms抖动]  slow[poll 5000ms+200ms抖动]
  链路       : lineA[tcp 127.0.0.1:2502 to=1000ms retry=1]  lineB[tcp 127.0.0.1:2503 to=1000ms]  util[tcp 127.0.0.1:2504 to=1000ms]

  设备清单：
    IM-01        1号注塑机      transport=lineA   unitId=1   点位=47   可写=17  扫描组=fast/normal/slow   块=im.monitor(InputRegister@0+20),im.process(InputRegister@30+30),im.params(HoldingRegister@0+23)
    GW-LINE-B    产线B网关      transport=lineB   unitId=2   点位=52   可写=9   扫描组=normal/slow        块=无（全散点）
                  └ 点位级 unitId 覆盖：unit2×18, unit3×17, unit4×17
    EM-01        总电表        transport=util    unitId=5   点位=21   可写=3   扫描组=normal/slow        块=em.meter(InputRegister@0+24),em.nameplate(InputRegister@24+16)
    ENV-01       车间环境       transport=util    unitId=6   点位=22   可写=4   扫描组=normal/slow        块=env.air(InputRegister@0+11),env.ops(InputRegister@11+19)

  Warnings   : 1 条
      ! 配置包含尚未实现的功能：点位 im01.moldTempDual 的 Scale@mode（缩放模式，v1 仅支持线性）；AlarmClass@name/@color/@sound/@escalateAfterMs（等级展示属性由宿主消费，框架未使用）（unsupportedPolicy=warn：已忽略）
────────────────────────────────────────────────────────────────────────────
  已订阅     : 值变化 / 报警三态 / 写审计 / 错误族（IErrorEvent 基接口）  共 6 条订阅
  启动引擎   : 0.01s
  操作脚本   : run/run4/drill4_ops.txt（8 条动作）

[23:37:53] [资源] T+0.0s  线程 17  句柄 323  GC 后托管堆 1.66 MB
══════════════════════════════════════════════════════════════════════════════════════════
  屏 #1   T+2.1s   本地时间 23:37:55   质量非 Good 或超过 5s 未刷新会标 !! / ~
══════════════════════════════════════════════════════════════════════════════════════════
  点位                                值                       质量                  年龄       说明
   IM-01/im01.stage               待机                      Good                0.0s     注塑阶段
   IM-01/im01.statusWord          1                       Good                0.0s     状态字
   IM-01/im01.cycleTime           40.5 s                  Good                0.0s     当前周期
   IM-01/im01.goodParts           2                       Good                0.0s     合格品数
   IM-01/im01.rejectParts         0                       Good                0.0s     次品数
   IM-01/im01.barrel1Temp         191.2 ℃                 Good                0.0s     料筒1段温
   IM-01/im01.moldTemp            84.5 ℃                  Good                0.0s     模具温度
   IM-01/im01.oilTemp             44.5 ℃                  Good                0.0s     液压油温
   IM-01/im01.injectPressure      0 bar                   Good                0.0s     射胶压力
   IM-01/im01.energyTotal         1.561 kWh               Good                0.0s     累计能耗
   IM-01/im01.moldTempDev         -0.5 ℃                  Good                0.0s     模温偏差(计算点)
   IM-01/im01.faultAlarm          False                   Good                0.0s     注塑机报警位
   GW-LINE-B/mtc01.actualTemp     99.3 ℃                  Good                0.0s     模温机温度
   GW-LINE-B/mtc01.pumpFlow       22 L/min                Good                0.0s     模温机流量
   GW-LINE-B/dry01.dryTemp        79.4 ℃                  Good                0.0s     干燥温度
   GW-LINE-B/dry01.dewPoint       -33.8 ℃                 Good                0.0s     露点
   GW-LINE-B/dry01.materialLevel  55 %                    Good                0.0s     料位
   GW-LINE-B/rob01.cycleTime      2.7 s                   Good                0.0s     机械手节拍时间
   GW-LINE-B/rob01.totalPicks     43                      Good                0.0s     累计取件
   EM-01/em01.activePower         122 kW                  Good                0.0s     总有功功率
   EM-01/em01.powerFactor         0.950                   Good                0.0s     功率因数
   EM-01/em01.totalEnergy         4121.44 kWh             Good                0.0s     累计电能
   ENV-01/env01.roomTemp          24.2 ℃                  Good                0.0s     车间温度
   ENV-01/env01.humidity          55 %RH                  Good                0.0s     湿度
   ENV-01/env01.co2               450 ppm                 Good                0.0s     CO2
   ENV-01/env01.highTempAlarm     False                   Good                0.0s     高温报警位
   ENV-01/env01.plantLoad         48.8 %                  Good                0.0s     车间负载率(计算点)
  ── 激活报警：无
  事件计数：值 204  错误 0  写 0  （明细见 CSV）
[T+5.0s] [ops] —— refuse 窗口写演练 ——
[T+6.0s] [报警] RAISED  im.fault IM-01/im01.faultAlarm type=digital limit= value=True priority=Critical msg=注塑机报警：设备报警位置位
══════════════════════════════════════════════════════════════════════════════════════════
  屏 #2   T+7.1s   本地时间 23:38:00   质量非 Good 或超过 5s 未刷新会标 !! / ~
══════════════════════════════════════════════════════════════════════════════════════════
  点位                                值                       质量                  年龄       说明
   IM-01/im01.stage               待机                      Good                0.0s     注塑阶段
   IM-01/im01.statusWord          1                       Good                0.0s     状态字
   IM-01/im01.cycleTime           40.5 s                  Good                0.0s     当前周期
   IM-01/im01.goodParts           2                       Good                0.0s     合格品数
   IM-01/im01.rejectParts         0                       Good                0.0s     次品数
   IM-01/im01.barrel1Temp         191.2 ℃                 Good                0.1s     料筒1段温
   IM-01/im01.moldTemp            84.5 ℃                  Good                0.1s     模具温度
   IM-01/im01.oilTemp             44.5 ℃                  Good                0.1s     液压油温
   IM-01/im01.injectPressure      255 bar                 Good                0.1s     射胶压力
   IM-01/im01.energyTotal         1.565 kWh               Good                0.1s     累计能耗
   IM-01/im01.moldTempDev         -0.5 ℃                  Good                0.0s     模温偏差(计算点)
   IM-01/im01.faultAlarm          True                    Good                0.0s     注塑机报警位
   GW-LINE-B/mtc01.actualTemp     99.4 ℃                  Good                0.0s     模温机温度
   GW-LINE-B/mtc01.pumpFlow       20 L/min                Good                0.0s     模温机流量
   GW-LINE-B/dry01.dryTemp        79.4 ℃                  Good                0.0s     干燥温度
   GW-LINE-B/dry01.dewPoint       -34.8 ℃                 Good                0.0s     露点
   GW-LINE-B/dry01.materialLevel  53 %                    Good                0.0s     料位
   GW-LINE-B/rob01.cycleTime      2.9 s                   Good                0.0s     机械手节拍时间
   GW-LINE-B/rob01.totalPicks     43                      Good                0.0s     累计取件
   EM-01/em01.activePower         113 kW                  Good                0.1s     总有功功率
   EM-01/em01.powerFactor         0.882                   Good                0.1s     功率因数
   EM-01/em01.totalEnergy         4136.97 kWh             Good                0.1s     累计电能
   ENV-01/env01.roomTemp          24.0 ℃                  Good                0.0s     车间温度
   ENV-01/env01.humidity          53 %RH                  Good                0.0s     湿度
   ENV-01/env01.co2               450 ppm                 Good                0.0s     CO2
   ENV-01/env01.highTempAlarm     False                   Good                0.0s     高温报警位
   ENV-01/env01.plantLoad         45.2 %                  Good                0.0s     车间负载率(计算点)
  ── 激活报警：IM-01/im01.faultAlarm
  事件计数：值 397  错误 0  写 0  （明细见 CSV）
[T+10.0s] [ops] show IM-01/im01.moldTemp = 84.6 ℃  [质量 Good]  原始=84.6  时间戳=23:38:02.896
══════════════════════════════════════════════════════════════════════════════════════════
  屏 #3   T+12.1s   本地时间 23:38:05   质量非 Good 或超过 5s 未刷新会标 !! / ~
══════════════════════════════════════════════════════════════════════════════════════════
  点位                                值                       质量                  年龄       说明
   IM-01/im01.stage               待机                      Good                0.1s     注塑阶段
   IM-01/im01.statusWord          1                       Good                0.1s     状态字
   IM-01/im01.cycleTime           40.5 s                  Good                0.1s     当前周期
   IM-01/im01.goodParts           2                       Good                0.1s     合格品数
   IM-01/im01.rejectParts         0                       Good                0.1s     次品数
   IM-01/im01.barrel1Temp         191.2 ℃                 Good                0.1s     料筒1段温
   IM-01/im01.moldTemp            84.5 ℃                  Good                0.1s     模具温度
   IM-01/im01.oilTemp             44.8 ℃                  Good                0.1s     液压油温
   IM-01/im01.injectPressure      240 bar                 Good                0.1s     射胶压力
   IM-01/im01.energyTotal         1.569 kWh               Good                0.1s     累计能耗
   IM-01/im01.moldTempDev         -0.5 ℃                  Good                0.0s     模温偏差(计算点)
   IM-01/im01.faultAlarm          True                    Good                0.1s     注塑机报警位
   GW-LINE-B/mtc01.actualTemp     99.6 ℃                  Good                0.0s     模温机温度
   GW-LINE-B/mtc01.pumpFlow       15 L/min                Good                0.0s     模温机流量
   GW-LINE-B/dry01.dryTemp        79.4 ℃                  Good                0.0s     干燥温度
   GW-LINE-B/dry01.dewPoint       -34.1 ℃                 Good                0.0s     露点
   GW-LINE-B/dry01.materialLevel  52 %                    Good                0.0s     料位
   GW-LINE-B/rob01.cycleTime      3.2 s                   Good                0.0s     机械手节拍时间
   GW-LINE-B/rob01.totalPicks     43                      Good                0.0s     累计取件
   EM-01/em01.activePower         103 kW                  Good                0.1s     总有功功率
   EM-01/em01.powerFactor         0.924                   Good                0.1s     功率因数
   EM-01/em01.totalEnergy         4152.43 kWh             Good                0.1s     累计电能
   ENV-01/env01.roomTemp          24.0 ℃                  Good                0.1s     车间温度
   ENV-01/env01.humidity          53 %RH                  Good                0.1s     湿度
   ENV-01/env01.co2               450 ppm                 Good                0.1s     CO2
   ENV-01/env01.highTempAlarm     False                   Good                0.1s     高温报警位
   ENV-01/env01.plantLoad         41.2 %                  Good                0.0s     车间负载率(计算点)
  ── 激活报警：IM-01/im01.faultAlarm
  事件计数：值 581  错误 0  写 0  （明细见 CSV）
══════════════════════════════════════════════════════════════════════════════════════════
  屏 #4   T+17.1s   本地时间 23:38:10   质量非 Good 或超过 5s 未刷新会标 !! / ~
══════════════════════════════════════════════════════════════════════════════════════════
  点位                                值                       质量                  年龄       说明
   IM-01/im01.stage               待机                      Good                0.1s     注塑阶段
   IM-01/im01.statusWord          1                       Good                0.1s     状态字
   IM-01/im01.cycleTime           40.5 s                  Good                0.1s     当前周期
   IM-01/im01.goodParts           2                       Good                0.1s     合格品数
   IM-01/im01.rejectParts         0                       Good                0.1s     次品数
   IM-01/im01.barrel1Temp         191.2 ℃                 Good                0.1s     料筒1段温
   IM-01/im01.moldTemp            84.6 ℃                  Good                0.1s     模具温度
   IM-01/im01.oilTemp             44.5 ℃                  Good                0.1s     液压油温
   IM-01/im01.injectPressure      259 bar                 Good                0.1s     射胶压力
   IM-01/im01.energyTotal         1.574 kWh               Good                0.1s     累计能耗
   IM-01/im01.moldTempDev         -0.4 ℃                  Good                0.0s     模温偏差(计算点)
   IM-01/im01.faultAlarm          True                    Good                0.1s     注塑机报警位
   GW-LINE-B/mtc01.actualTemp     99.3 ℃                  Good                0.1s     模温机温度
   GW-LINE-B/mtc01.pumpFlow       38 L/min                Good                0.1s     模温机流量
   GW-LINE-B/dry01.dryTemp        79.4 ℃                  Good                0.1s     干燥温度
   GW-LINE-B/dry01.dewPoint       -33.9 ℃                 Good                0.1s     露点
   GW-LINE-B/dry01.materialLevel  50 %                    Good                0.1s     料位
   GW-LINE-B/rob01.cycleTime      2.7 s                   Good                0.1s     机械手节拍时间
   GW-LINE-B/rob01.totalPicks     43                      Good                0.1s     累计取件
   EM-01/em01.activePower         117 kW                  Good                0.1s     总有功功率
   EM-01/em01.powerFactor         0.867                   Good                0.1s     功率因数
   EM-01/em01.totalEnergy         4167.61 kWh             Good                0.1s     累计电能
   ENV-01/env01.roomTemp          23.9 ℃                  Good                0.1s     车间温度
   ENV-01/env01.humidity          56 %RH                  Good                0.1s     湿度
   ENV-01/env01.co2               450 ppm                 Good                0.1s     CO2
   ENV-01/env01.highTempAlarm     False                   Good                0.1s     高温报警位
   ENV-01/env01.plantLoad         46.8 %                  Good                0.0s     车间负载率(计算点)
  ── 激活报警：IM-01/im01.faultAlarm
  事件计数：值 769  错误 0  写 0  （明细见 CSV）
[T+18.0s] [ops] —— 断路器将在 T+20s 起 refuse 8s ——
[T+19.5s] [q] IM-01/im01.statusWord Good → Bad（ss.reason.comm） 值=null
[T+19.5s] [q] IM-01/im01.alarmCode Good → Bad（ss.reason.comm） 值=null
[T+19.5s] [q] IM-01/im01.totalMolds Good → Bad（ss.reason.comm） 值=null
[T+19.5s] [q] IM-01/im01.goodParts Good → Bad（ss.reason.comm） 值=null
[T+19.5s] [q] IM-01/im01.rejectParts Good → Bad（ss.reason.comm） 值=null
[T+19.5s] [q] IM-01/im01.cycleTime Good → Bad（ss.reason.comm） 值=null
[T+19.5s] [q] IM-01/im01.avgCycleTime Good → Bad（ss.reason.comm） 值=null
[T+19.5s] [q] IM-01/im01.oee Good → Bad（ss.reason.comm） 值=null
[T+19.5s] [q] IM-01/im01.stage Good → Bad（ss.reason.comm） 值=null
[T+19.5s] [q] IM-01/im01.batchNo Good → Bad（ss.reason.comm） 值=null
[T+19.5s] [q] IM-01/im01.prodTime Good → Bad（ss.reason.comm） 值=null
[T+19.5s] [错误] LinkError class=LinkDown code=MODBUS.LINK level=Error key=ss.error.comm device=IM-01, transport=lineA, unit=1, InputRegister@0, elapsed=1000ms, consecutive=11
══════════════════════════════════════════════════════════════════════════════════════════
  屏 #5   T+22.1s   本地时间 23:38:16   质量非 Good 或超过 5s 未刷新会标 !! / ~
══════════════════════════════════════════════════════════════════════════════════════════
  点位                                值                       质量                  年龄       说明
!! IM-01/im01.stage               --（质量非 Good）            Bad(ss.reason.com…  2.6s     注塑阶段  [原始值 null]
!! IM-01/im01.statusWord          --（质量非 Good）            Bad(ss.reason.com…  2.6s     状态字  [原始值 null]
!! IM-01/im01.cycleTime           --（质量非 Good）            Bad(ss.reason.com…  2.6s     当前周期  [原始值 null]
!! IM-01/im01.goodParts           --（质量非 Good）            Bad(ss.reason.com…  2.6s     合格品数  [原始值 null]
!! IM-01/im01.rejectParts         --（质量非 Good）            Bad(ss.reason.com…  2.6s     次品数  [原始值 null]
   IM-01/im01.barrel1Temp         191.2 ℃                 Good                4.1s     料筒1段温
   IM-01/im01.moldTemp            84.5 ℃                  Good                4.1s     模具温度
   IM-01/im01.oilTemp             44.7 ℃                  Good                4.1s     液压油温
   IM-01/im01.injectPressure      210 bar                 Good                4.1s     射胶压力
   IM-01/im01.energyTotal         1.574 kWh               Good                4.1s     累计能耗
   IM-01/im01.moldTempDev         -0.5 ℃                  Good                0.0s     模温偏差(计算点)
   IM-01/im01.faultAlarm          True                    Good                4.1s     注塑机报警位
   GW-LINE-B/mtc01.actualTemp     99.3 ℃                  Good                0.1s     模温机温度
   GW-LINE-B/mtc01.pumpFlow       32 L/min                Good                0.1s     模温机流量
   GW-LINE-B/dry01.dryTemp        79.4 ℃                  Good                0.1s     干燥温度
   GW-LINE-B/dry01.dewPoint       -33.6 ℃                 Good                0.1s     露点
   GW-LINE-B/dry01.materialLevel  49 %                    Good                0.1s     料位
   GW-LINE-B/rob01.cycleTime      3.0 s                   Good                0.1s     机械手节拍时间
   GW-LINE-B/rob01.totalPicks     43                      Good                0.1s     累计取件
   EM-01/em01.activePower         120 kW                  Good                0.1s     总有功功率
   EM-01/em01.powerFactor         0.945                   Good                0.1s     功率因数
   EM-01/em01.totalEnergy         4182.86 kWh             Good                0.1s     累计电能
   ENV-01/env01.roomTemp          24.0 ℃                  Good                0.1s     车间温度
   ENV-01/env01.humidity          53 %RH                  Good                0.1s     湿度
   ENV-01/env01.co2               450 ppm                 Good                0.1s     CO2
   ENV-01/env01.highTempAlarm     False                   Good                0.1s     高温报警位
   ENV-01/env01.plantLoad         48.0 %                  Good                0.0s     车间负载率(计算点)
  ── 激活报警：IM-01/im01.faultAlarm
  事件计数：值 968  错误 1  写 0  （明细见 CSV）
[T+23.6s] [错误] TimeoutError class=Transient code=MODBUS.TIMEOUT level=Error key=ss.error.comm device=IM-01, transport=lineA, unit=1, DiscreteInput@1, elapsed=4094ms, consecutive=3
[T+23.6s] [q] IM-01/im01.ready Good → Bad（ss.reason.comm） 值=null
[T+23.6s] [q] IM-01/im01.producing Good → Bad（ss.reason.comm） 值=null
[T+23.6s] [q] IM-01/im01.faultAlarm Good → Bad（ss.reason.comm） 值=null
[T+26.6s] [q] IM-01/im01.statusWord Bad → Good 值=1
[T+26.6s] [q] IM-01/im01.alarmCode Bad → Good 值=0
[T+26.6s] [q] IM-01/im01.totalMolds Bad → Good 值=2
[T+26.6s] [q] IM-01/im01.goodParts Bad → Good 值=2
[T+26.6s] [q] IM-01/im01.rejectParts Bad → Good 值=0
[T+26.6s] [q] IM-01/im01.cycleTime Bad → Good 值=40.5
[T+26.6s] [q] IM-01/im01.avgCycleTime Bad → Good 值=37.7
[T+26.6s] [q] IM-01/im01.oee Bad → Good 值=10
[T+26.6s] [q] IM-01/im01.stage Bad → Good 值=0
[T+26.6s] [q] IM-01/im01.batchNo Bad → Good 值=2002
[T+26.6s] [q] IM-01/im01.prodTime Bad → Good 值=2026/9/15 23:38:20
[T+26.6s] [q] IM-01/im01.ready Bad → Good 值=True
[T+26.6s] [q] IM-01/im01.producing Bad → Good 值=False
[T+26.6s] [q] IM-01/im01.faultAlarm Bad → Good 值=False
[T+26.6s] [报警] CLEARED im.fault IM-01/im01.faultAlarm type=digital
[T+26.6s] [ops] write IM-01/im01.cavitySetTemp = 238 → Succeeded  verifyMismatch=False  readback=238 ℃[Good]  4645ms  user=op01:Operator
[T+26.6s] [ops] show IM-01/im01.moldTemp = 84.5 ℃  [质量 Good]  原始=84.5  时间戳=23:38:20.522
══════════════════════════════════════════════════════════════════════════════════════════
  屏 #6   T+27.2s   本地时间 23:38:21   质量非 Good 或超过 5s 未刷新会标 !! / ~
══════════════════════════════════════════════════════════════════════════════════════════
  点位                                值                       质量                  年龄       说明
   IM-01/im01.stage               待机                      Good                0.0s     注塑阶段
   IM-01/im01.statusWord          1                       Good                0.0s     状态字
   IM-01/im01.cycleTime           40.5 s                  Good                0.0s     当前周期
   IM-01/im01.goodParts           2                       Good                0.0s     合格品数
   IM-01/im01.rejectParts         0                       Good                0.0s     次品数
   IM-01/im01.barrel1Temp         191.7 ℃                 Good                0.5s     料筒1段温
   IM-01/im01.moldTemp            84.5 ℃                  Good                0.5s     模具温度
   IM-01/im01.oilTemp             44.9 ℃                  Good                0.5s     液压油温
   IM-01/im01.injectPressure      0 bar                   Good                0.5s     射胶压力
   IM-01/im01.energyTotal         1.582 kWh               Good                0.5s     累计能耗
   IM-01/im01.moldTempDev         -0.5 ℃                  Good                0.0s     模温偏差(计算点)
   IM-01/im01.faultAlarm          False                   Good                0.0s     注塑机报警位
   GW-LINE-B/mtc01.actualTemp     99.3 ℃                  Good                0.1s     模温机温度
   GW-LINE-B/mtc01.pumpFlow       39 L/min                Good                0.1s     模温机流量
   GW-LINE-B/dry01.dryTemp        79.4 ℃                  Good                0.1s     干燥温度
   GW-LINE-B/dry01.dewPoint       -35.0 ℃                 Good                0.1s     露点
   GW-LINE-B/dry01.materialLevel  47 %                    Good                0.1s     料位
   GW-LINE-B/rob01.cycleTime      2.7 s                   Good                0.1s     机械手节拍时间
   GW-LINE-B/rob01.totalPicks     44                      Good                0.1s     累计取件
   EM-01/em01.activePower         117 kW                  Good                0.1s     总有功功率
   EM-01/em01.powerFactor         0.920                   Good                0.1s     功率因数
   EM-01/em01.totalEnergy         4198.63 kWh             Good                0.1s     累计电能
   ENV-01/env01.roomTemp          24.0 ℃                  Good                0.1s     车间温度
   ENV-01/env01.humidity          54 %RH                  Good                0.1s     湿度
   ENV-01/env01.co2               450 ppm                 Good                0.1s     CO2
   ENV-01/env01.highTempAlarm     False                   Good                0.1s     高温报警位
   ENV-01/env01.plantLoad         46.8 %                  Good                0.0s     车间负载率(计算点)
  ── 激活报警：无
  事件计数：值 1168  错误 2  写 1  （明细见 CSV）
[23:38:23] [资源] T+30.1s  线程 25  句柄 433  GC 后托管堆 1.84 MB
══════════════════════════════════════════════════════════════════════════════════════════
  屏 #7   T+32.2s   本地时间 23:38:26   质量非 Good 或超过 5s 未刷新会标 !! / ~
══════════════════════════════════════════════════════════════════════════════════════════
  点位                                值                       质量                  年龄       说明
   IM-01/im01.stage               待机                      Good                0.1s     注塑阶段
   IM-01/im01.statusWord          1                       Good                0.1s     状态字
   IM-01/im01.cycleTime           40.5 s                  Good                0.1s     当前周期
   IM-01/im01.goodParts           2                       Good                0.1s     合格品数
   IM-01/im01.rejectParts         0                       Good                0.1s     次品数
   IM-01/im01.barrel1Temp         194.5 ℃                 Good                0.6s     料筒1段温
   IM-01/im01.moldTemp            84.6 ℃                  Good                0.6s     模具温度
   IM-01/im01.oilTemp             44.4 ℃                  Good                0.6s     液压油温
   IM-01/im01.injectPressure      0 bar                   Good                0.6s     射胶压力
   IM-01/im01.energyTotal         1.586 kWh               Good                0.6s     累计能耗
   IM-01/im01.moldTempDev         -0.4 ℃                  Good                0.0s     模温偏差(计算点)
   IM-01/im01.faultAlarm          False                   Good                0.0s     注塑机报警位
   GW-LINE-B/mtc01.actualTemp     99.5 ℃                  Good                0.2s     模温机温度
   GW-LINE-B/mtc01.pumpFlow       37 L/min                Good                0.2s     模温机流量
   GW-LINE-B/dry01.dryTemp        79.4 ℃                  Good                0.2s     干燥温度
   GW-LINE-B/dry01.dewPoint       -34.4 ℃                 Good                0.2s     露点
   GW-LINE-B/dry01.materialLevel  46 %                    Good                0.2s     料位
   GW-LINE-B/rob01.cycleTime      3.2 s                   Good                0.2s     机械手节拍时间
   GW-LINE-B/rob01.totalPicks     44                      Good                0.2s     累计取件
   EM-01/em01.activePower         121 kW                  Good                0.2s     总有功功率
   EM-01/em01.powerFactor         0.875                   Good                0.2s     功率因数
   EM-01/em01.totalEnergy         4214.63 kWh             Good                0.2s     累计电能
   ENV-01/env01.roomTemp          24.0 ℃                  Good                0.2s     车间温度
   ENV-01/env01.humidity          55 %RH                  Good                0.2s     湿度
   ENV-01/env01.co2               450 ppm                 Good                0.2s     CO2
   ENV-01/env01.highTempAlarm     False                   Good                0.2s     高温报警位
   ENV-01/env01.plantLoad         48.4 %                  Good                0.0s     车间负载率(计算点)
  ── 激活报警：无
  事件计数：值 1359  错误 2  写 1  （明细见 CSV）
[T+33.0s] [ops] show IM-01/im01.moldTemp = 84.5 ℃  [质量 Good]  原始=84.5  时间戳=23:38:26.540
══════════════════════════════════════════════════════════════════════════════════════════
  屏 #8   T+37.3s   本地时间 23:38:31   质量非 Good 或超过 5s 未刷新会标 !! / ~
══════════════════════════════════════════════════════════════════════════════════════════
  点位                                值                       质量                  年龄       说明
   IM-01/im01.stage               待机                      Good                0.1s     注塑阶段
   IM-01/im01.statusWord          1                       Good                0.1s     状态字
   IM-01/im01.cycleTime           40.5 s                  Good                0.1s     当前周期
   IM-01/im01.goodParts           2                       Good                0.1s     合格品数
   IM-01/im01.rejectParts         0                       Good                0.1s     次品数
   IM-01/im01.barrel1Temp         194.5 ℃                 Good                0.6s     料筒1段温
   IM-01/im01.moldTemp            84.5 ℃                  Good                0.6s     模具温度
   IM-01/im01.oilTemp             44.7 ℃                  Good                0.6s     液压油温
   IM-01/im01.injectPressure      0 bar                   Good                0.6s     射胶压力
   IM-01/im01.energyTotal         1.590 kWh               Good                0.6s     累计能耗
   IM-01/im01.moldTempDev         -0.5 ℃                  Good                0.0s     模温偏差(计算点)
   IM-01/im01.faultAlarm          False                   Good                0.1s     注塑机报警位
   GW-LINE-B/mtc01.actualTemp     99.3 ℃                  Good                0.2s     模温机温度
   GW-LINE-B/mtc01.pumpFlow       34 L/min                Good                0.2s     模温机流量
   GW-LINE-B/dry01.dryTemp        79.4 ℃                  Good                0.2s     干燥温度
   GW-LINE-B/dry01.dewPoint       -34.1 ℃                 Good                0.2s     露点
   GW-LINE-B/dry01.materialLevel  44 %                    Good                0.2s     料位
   GW-LINE-B/rob01.cycleTime      3.1 s                   Good                0.2s     机械手节拍时间
   GW-LINE-B/rob01.totalPicks     44                      Good                0.2s     累计取件
   EM-01/em01.activePower         115 kW                  Good                0.2s     总有功功率
   EM-01/em01.powerFactor         0.903                   Good                0.2s     功率因数
   EM-01/em01.totalEnergy         4230.38 kWh             Good                0.2s     累计电能
   ENV-01/env01.roomTemp          24.0 ℃                  Good                0.2s     车间温度
   ENV-01/env01.humidity          54 %RH                  Good                0.2s     湿度
   ENV-01/env01.co2               450 ppm                 Good                0.2s     CO2
   ENV-01/env01.highTempAlarm     False                   Good                0.2s     高温报警位
   ENV-01/env01.plantLoad         46.0 %                  Good                0.0s     车间负载率(计算点)
  ── 激活报警：无
  事件计数：值 1541  错误 2  写 1  （明细见 CSV）
[T+38.0s] [ops] write IM-01/im01.cavitySetTemp = 234 → Succeeded  verifyMismatch=False  readback=234 ℃[Good]  3ms  user=op01:Operator
[T+42.0s] [ops] —— 演练结束 ——
══════════════════════════════════════════════════════════════════════════════════════════
  屏 #9   T+42.3s   本地时间 23:38:36   质量非 Good 或超过 5s 未刷新会标 !! / ~
══════════════════════════════════════════════════════════════════════════════════════════
  点位                                值                       质量                  年龄       说明
   IM-01/im01.stage               待机                      Good                0.1s     注塑阶段
   IM-01/im01.statusWord          1                       Good                0.1s     状态字
   IM-01/im01.cycleTime           40.5 s                  Good                0.1s     当前周期
   IM-01/im01.goodParts           2                       Good                0.1s     合格品数
   IM-01/im01.rejectParts         0                       Good                0.1s     次品数
   IM-01/im01.barrel1Temp         191.8 ℃                 Good                0.6s     料筒1段温
   IM-01/im01.moldTemp            84.6 ℃                  Good                0.6s     模具温度
   IM-01/im01.oilTemp             44.6 ℃                  Good                0.6s     液压油温
   IM-01/im01.injectPressure      0 bar                   Good                0.6s     射胶压力
   IM-01/im01.energyTotal         1.594 kWh               Good                0.6s     累计能耗
   IM-01/im01.moldTempDev         -0.4 ℃                  Good                0.0s     模温偏差(计算点)
   IM-01/im01.faultAlarm          False                   Good                0.1s     注塑机报警位
   GW-LINE-B/mtc01.actualTemp     99.4 ℃                  Good                0.2s     模温机温度
   GW-LINE-B/mtc01.pumpFlow       30 L/min                Good                0.2s     模温机流量
   GW-LINE-B/dry01.dryTemp        79.4 ℃                  Good                0.2s     干燥温度
   GW-LINE-B/dry01.dewPoint       -34.4 ℃                 Good                0.2s     露点
   GW-LINE-B/dry01.materialLevel  43 %                    Good                0.2s     料位
   GW-LINE-B/rob01.cycleTime      2.8 s                   Good                0.2s     机械手节拍时间
   GW-LINE-B/rob01.totalPicks     44                      Good                0.2s     累计取件
   EM-01/em01.activePower         125 kW                  Good                0.3s     总有功功率
   EM-01/em01.powerFactor         0.939                   Good                0.3s     功率因数
   EM-01/em01.totalEnergy         4246.45 kWh             Good                0.3s     累计电能
   ENV-01/env01.roomTemp          23.8 ℃                  Good                0.3s     车间温度
   ENV-01/env01.humidity          53 %RH                  Good                0.3s     湿度
   ENV-01/env01.co2               450 ppm                 Good                0.3s     CO2
   ENV-01/env01.highTempAlarm     False                   Good                0.3s     高温报警位
   ENV-01/env01.plantLoad         50.0 %                  Good                0.0s     车间负载率(计算点)
  ── 激活报警：无
  事件计数：值 1730  错误 2  写 2  （明细见 CSV）
══════════════════════════════════════════════════════════════════════════════════════════
  屏 #10   T+47.3s   本地时间 23:38:41   质量非 Good 或超过 5s 未刷新会标 !! / ~
══════════════════════════════════════════════════════════════════════════════════════════
  点位                                值                       质量                  年龄       说明
   IM-01/im01.stage               待机                      Good                0.1s     注塑阶段
   IM-01/im01.statusWord          1                       Good                0.1s     状态字
   IM-01/im01.cycleTime           40.5 s                  Good                0.1s     当前周期
   IM-01/im01.goodParts           2                       Good                0.1s     合格品数
   IM-01/im01.rejectParts         0                       Good                0.1s     次品数
   IM-01/im01.barrel1Temp         191.8 ℃                 Good                0.6s     料筒1段温
   IM-01/im01.moldTemp            84.5 ℃                  Good                0.6s     模具温度
   IM-01/im01.oilTemp             44.7 ℃                  Good                0.6s     液压油温
   IM-01/im01.injectPressure      0 bar                   Good                0.6s     射胶压力
   IM-01/im01.energyTotal         1.598 kWh               Good                0.6s     累计能耗
   IM-01/im01.moldTempDev         -0.5 ℃                  Good                0.0s     模温偏差(计算点)
   IM-01/im01.faultAlarm          False                   Good                0.1s     注塑机报警位
   GW-LINE-B/mtc01.actualTemp     99.8 ℃                  Good                0.3s     模温机温度
   GW-LINE-B/mtc01.pumpFlow       19 L/min                Good                0.3s     模温机流量
   GW-LINE-B/dry01.dryTemp        79.4 ℃                  Good                0.2s     干燥温度
   GW-LINE-B/dry01.dewPoint       -34.5 ℃                 Good                0.2s     露点
   GW-LINE-B/dry01.materialLevel  41 %                    Good                0.2s     料位
   GW-LINE-B/rob01.cycleTime      2.7 s                   Good                0.2s     机械手节拍时间
   GW-LINE-B/rob01.totalPicks     44                      Good                0.2s     累计取件
   EM-01/em01.activePower         118 kW                  Good                0.3s     总有功功率
   EM-01/em01.powerFactor         0.883                   Good                0.3s     功率因数
   EM-01/em01.totalEnergy         4262.23 kWh             Good                0.3s     累计电能
   ENV-01/env01.roomTemp          24.0 ℃                  Good                0.3s     车间温度
   ENV-01/env01.humidity          56 %RH                  Good                0.3s     湿度
   ENV-01/env01.co2               450 ppm                 Good                0.3s     CO2
   ENV-01/env01.highTempAlarm     False                   Good                0.3s     高温报警位
   ENV-01/env01.plantLoad         47.2 %                  Good                0.0s     车间负载率(计算点)
  ── 激活报警：无
  事件计数：值 1907  错误 2  写 2  （明细见 CSV）
══════════════════════════════════════════════════════════════════════════════════════════
  屏 #11   T+52.3s   本地时间 23:38:46   质量非 Good 或超过 5s 未刷新会标 !! / ~
══════════════════════════════════════════════════════════════════════════════════════════
  点位                                值                       质量                  年龄       说明
   IM-01/im01.stage               待机                      Good                0.1s     注塑阶段
   IM-01/im01.statusWord          1                       Good                0.1s     状态字
   IM-01/im01.cycleTime           40.5 s                  Good                0.1s     当前周期
   IM-01/im01.goodParts           2                       Good                0.1s     合格品数
   IM-01/im01.rejectParts         0                       Good                0.1s     次品数
   IM-01/im01.barrel1Temp         191.8 ℃                 Good                0.7s     料筒1段温
   IM-01/im01.moldTemp            84.5 ℃                  Good                0.7s     模具温度
   IM-01/im01.oilTemp             44.6 ℃                  Good                0.7s     液压油温
   IM-01/im01.injectPressure      0 bar                   Good                0.7s     射胶压力
   IM-01/im01.energyTotal         1.602 kWh               Good                0.7s     累计能耗
   IM-01/im01.moldTempDev         -0.5 ℃                  Good                0.0s     模温偏差(计算点)
   IM-01/im01.faultAlarm          False                   Good                0.1s     注塑机报警位
   GW-LINE-B/mtc01.actualTemp     99.5 ℃                  Good                0.3s     模温机温度
   GW-LINE-B/mtc01.pumpFlow       37 L/min                Good                0.3s     模温机流量
   GW-LINE-B/dry01.dryTemp        79.4 ℃                  Good                0.3s     干燥温度
   GW-LINE-B/dry01.dewPoint       -34.1 ℃                 Good                0.3s     露点
   GW-LINE-B/dry01.materialLevel  39 %                    Good                0.3s     料位
   GW-LINE-B/rob01.cycleTime      2.9 s                   Good                0.3s     机械手节拍时间
   GW-LINE-B/rob01.totalPicks     44                      Good                0.3s     累计取件
   EM-01/em01.activePower         112 kW                  Good                0.3s     总有功功率
   EM-01/em01.powerFactor         0.889                   Good                0.3s     功率因数
   EM-01/em01.totalEnergy         4277.84 kWh             Good                0.3s     累计电能
   ENV-01/env01.roomTemp          23.9 ℃                  Good                0.3s     车间温度
   ENV-01/env01.humidity          54 %RH                  Good                0.3s     湿度
   ENV-01/env01.co2               450 ppm                 Good                0.3s     CO2
   ENV-01/env01.highTempAlarm     False                   Good                0.3s     高温报警位
   ENV-01/env01.plantLoad         44.8 %                  Good                0.0s     车间负载率(计算点)
  ── 激活报警：无
  事件计数：值 2101  错误 2  写 2  （明细见 CSV）

[23:38:49] 停机：达到 --duration，正在优雅停止（先停操作脚本，再停引擎轮询）…
╔══════════════════════════════════════════════════════════════════════════════════════╗
║ 运行汇总（退出原因：达到 --duration                                                     ）║
╚══════════════════════════════════════════════════════════════════════════════════════╝
  配置     : D:\IT\SuperModbus\SuperSampler\samples\InjectionLineMonitor\line.xml
  操作脚本 : run/run4/drill4_ops.txt
  运行时长 : 55.2s

── 宿主操作动作（脚本侧统计）───────────────────────────────────────────────
  普通写 2 次  点动写 0 次  报警确认 0 次（其中 NotPending 0）  查看 3 次
  VerifyMismatch 次数：0（写成功但回读值与写入值不同的次数；框架不自动重试，须人工判断）  宿主侧动作异常 0 次

── 事件计数 ────────────────────────────────────────────────────────────────
  值变化事件 : 2225（Good 2211 / Uncertain 0 / Bad 14 / Offline 0）
  报警事件   : 激活 1  清除 1  确认 0（结束时仍在激活：无）
  写审计事件 : 2（Succeeded 2 / Failed 0 / Indeterminate 0 / Rejected 0）
  错误事件   : 2（LinkDown 1, Transient 1）
  错误码     : MODBUS.LINK 1, MODBUS.TIMEOUT 1
  事件总线 : 发出 2231  丢弃 0  订阅者异常 0  活跃订阅 6
             · 值变化 PointValueChanged              投递 2225 丢弃 0 异常 0
             · 报警激活 AlarmRaised                   投递 1 丢弃 0 异常 0
             · 报警清除 AlarmCleared                  投递 1 丢弃 0 异常 0
             · 报警确认 AlarmAcknowledged             投递 0 丢弃 0 异常 0
             · 写审计 PointWritten                   投递 2 丢弃 0 异常 0
             · 错误族 IErrorEvent（基接口）               投递 2 丢弃 0 异常 0

── 质量分布（每显示周期采样一次，全部点位）──────────────────────────────────
  全部点位合计：采样 1562 点次  Good 99.3%  Uncertain 0.0%  Bad 0.7%  Offline 0.0%
  出现非 Good 的点位（11 个）：
    IM-01/im01.statusWord                 采样 11 次：Good 90.9% / Bad 9.1%
    IM-01/im01.alarmCode                  采样 11 次：Good 90.9% / Bad 9.1%
    IM-01/im01.totalMolds                 采样 11 次：Good 90.9% / Bad 9.1%
    IM-01/im01.goodParts                  采样 11 次：Good 90.9% / Bad 9.1%
    IM-01/im01.rejectParts                采样 11 次：Good 90.9% / Bad 9.1%
    IM-01/im01.cycleTime                  采样 11 次：Good 90.9% / Bad 9.1%
    IM-01/im01.avgCycleTime               采样 11 次：Good 90.9% / Bad 9.1%
    IM-01/im01.oee                        采样 11 次：Good 90.9% / Bad 9.1%
    IM-01/im01.stage                      采样 11 次：Good 90.9% / Bad 9.1%
    IM-01/im01.batchNo                    采样 11 次：Good 90.9% / Bad 9.1%
    IM-01/im01.prodTime                   采样 11 次：Good 90.9% / Bad 9.1%

── 质量跃迁（断线/恢复证据，共 28 条）────────────
  T+19.5s IM-01/im01.statusWord Good → Bad（ss.reason.comm） 值=null
  T+19.5s IM-01/im01.alarmCode Good → Bad（ss.reason.comm） 值=null
  T+19.5s IM-01/im01.totalMolds Good → Bad（ss.reason.comm） 值=null
  T+19.5s IM-01/im01.goodParts Good → Bad（ss.reason.comm） 值=null
  T+19.5s IM-01/im01.rejectParts Good → Bad（ss.reason.comm） 值=null
  T+19.5s IM-01/im01.cycleTime Good → Bad（ss.reason.comm） 值=null
  T+19.5s IM-01/im01.avgCycleTime Good → Bad（ss.reason.comm） 值=null
  T+19.5s IM-01/im01.oee Good → Bad（ss.reason.comm） 值=null
  T+19.5s IM-01/im01.stage Good → Bad（ss.reason.comm） 值=null
  T+19.5s IM-01/im01.batchNo Good → Bad（ss.reason.comm） 值=null
  T+19.5s IM-01/im01.prodTime Good → Bad（ss.reason.comm） 值=null
  T+23.6s IM-01/im01.ready Good → Bad（ss.reason.comm） 值=null
  T+23.6s IM-01/im01.producing Good → Bad（ss.reason.comm） 值=null
  T+23.6s IM-01/im01.faultAlarm Good → Bad（ss.reason.comm） 值=null
  T+26.6s IM-01/im01.statusWord Bad → Good 值=1
  T+26.6s IM-01/im01.alarmCode Bad → Good 值=0
  T+26.6s IM-01/im01.totalMolds Bad → Good 值=2
  T+26.6s IM-01/im01.goodParts Bad → Good 值=2
  T+26.6s IM-01/im01.rejectParts Bad → Good 值=0
  T+26.6s IM-01/im01.cycleTime Bad → Good 值=40.5
  T+26.6s IM-01/im01.avgCycleTime Bad → Good 值=37.7
  T+26.6s IM-01/im01.oee Bad → Good 值=10
  T+26.6s IM-01/im01.stage Bad → Good 值=0
  T+26.6s IM-01/im01.batchNo Bad → Good 值=2002
  T+26.6s IM-01/im01.prodTime Bad → Good 值=2026/9/15 23:38:20
  T+26.6s IM-01/im01.ready Bad → Good 值=True
  T+26.6s IM-01/im01.producing Bad → Good 值=False
  T+26.6s IM-01/im01.faultAlarm Bad → Good 值=False

── 报警三态流水（共 2 条）──────────────────────────────
  T+6.0s RAISED   im.fault @IM-01/im01.faultAlarm type=digital limit= value=True priority=Critical msg=注塑机报警：设备报警位置位
  T+26.6s CLEARED  im.fault @IM-01/im01.faultAlarm type=digital
  结束时仍在激活：无

── 进程资源（每 30s 采样，长稳判据）────────────────────────────────────────
  时间     运行(s)  线程  句柄   GC后托管堆   值事件   错误事件
  23:37:53     0.0    17   323     1.66 MB        0         0
  23:38:23    30.1    25   433     1.84 MB     1287         2
  首末差：线程 +8  句柄 +110  托管堆 +0.18 MB

── 落盘文件 ────────────────────────────────────────────────────────────────
  values.csv    值变化事件（每点每次变化一行）
  alarms.csv    报警三态（Raised/Cleared/Acknowledged）
  writes.csv    写审计事件（框架发出，含四态）
  errors.csv    错误族事件（含分类/错误码/结构化上下文）
  ops.csv       宿主操作脚本结果（含 WriteResult 的 VerifyMismatch 与 Readback）
  resources.csv 每 30s 的进程资源采样

