╔══════════════════════════════════════════════════════════════════════════════════════╗
║ InjectionLineMonitor —— 注塑产线监视线（SuperSampler 宿主样例，net46 控制台）        ║
╚══════════════════════════════════════════════════════════════════════════════════════╝
  操作者身份 : op01:Operator（写值与报警确认都带它）
  运行时长   : 65s   显示周期 5s   CSV 目录 D:\IT\SuperModbus\SuperSampler\samples\InjectionLineMonitor\run\run4\csv5
── 配置解析摘要 ─────────────────────────────────────────────────────────────
  配置文件   : D:\IT\SuperModbus\SuperSampler\samples\InjectionLineMonitor\line.xml
  工程       : 注塑产线数据采集（InjectionLineMonitor）  修订 1  作者 Sarige
  schema     : 3.x  unsupportedPolicy=warn
  语言/坏值  : zh_CN/en_US  nullText="--"  全局 swap=Word
  规模       : 链路 3  设备 4  点表 4  点位 142/142（可写 33 / 计算点 2 / 报警 2）
  通信策略   : 超时 1000ms  重试 1x100ms  断线质量=bad/null  staleAfter=5000ms  原始读写=关

  扫描组     : fast[poll 500ms]  normal[poll 1000ms+50ms抖动]  slow[poll 5000ms+200ms抖动]
  链路       : lineA[tcp 127.0.0.1:2502 to=1000ms retry=1]  lineB[tcp 127.0.0.1:2503 to=1000ms]  util[tcp 127.0.0.1:2504 to=1000ms]

  设备清单：
    IM-01        1号注塑机      transport=lineA   unitId=1   点位=47   可写=17  扫描组=fast/normal/slow   块=im.monitor(InputRegister@0+20),im.process(InputRegister@30+30),im.params(HoldingRegister@0+23)
    GW-LINE-B    产线B网关      transport=lineB   unitId=2   点位=52   可写=9   扫描组=normal/slow        块=无（全散点）
                  └ 点位级 unitId 覆盖：unit2×18, unit3×17, unit4×17
    EM-01        总电表        transport=util    unitId=5   点位=21   可写=3   扫描组=normal/slow        块=em.meter(InputRegister@0+24),em.nameplate(InputRegister@24+16)
    ENV-01       车间环境       transport=util    unitId=6   点位=22   可写=4   扫描组=normal/slow        块=env.air(InputRegister@0+11),env.ops(InputRegister@11+19)

  Warnings   : 1 条
      ! 配置包含尚未实现的功能：点位 im01.moldTempDual 的 Scale@mode（缩放模式，v1 仅支持线性）；AlarmClass@name/@color/@sound/@escalateAfterMs（等级展示属性由宿主消费，框架未使用）（unsupportedPolicy=warn：已忽略）
────────────────────────────────────────────────────────────────────────────
  已订阅     : 值变化 / 报警三态 / 写审计 / 错误族（IErrorEvent 基接口）  共 6 条订阅
  启动引擎   : 0.02s
  操作脚本   : run/run4/drill5_ops.txt（10 条动作）

[23:39:14] [资源] T+0.0s  线程 17  句柄 334  GC 后托管堆 1.69 MB
══════════════════════════════════════════════════════════════════════════════════════════
  屏 #1   T+2.1s   本地时间 23:39:16   质量非 Good 或超过 5s 未刷新会标 !! / ~
══════════════════════════════════════════════════════════════════════════════════════════
  点位                                值                       质量                  年龄       说明
   IM-01/im01.stage               待机                      Good                0.0s     注塑阶段
   IM-01/im01.statusWord          1                       Good                0.0s     状态字
   IM-01/im01.cycleTime           40.5 s                  Good                0.0s     当前周期
   IM-01/im01.goodParts           2                       Good                0.0s     合格品数
   IM-01/im01.rejectParts         0                       Good                0.0s     次品数
   IM-01/im01.barrel1Temp         191.8 ℃                 Good                0.0s     料筒1段温
   IM-01/im01.moldTemp            84.6 ℃                  Good                0.0s     模具温度
   IM-01/im01.oilTemp             44.6 ℃                  Good                0.0s     液压油温
   IM-01/im01.injectPressure      0 bar                   Good                0.0s     射胶压力
   IM-01/im01.energyTotal         1.628 kWh               Good                0.0s     累计能耗
   IM-01/im01.moldTempDev         -0.4 ℃                  Good                0.0s     模温偏差(计算点)
   IM-01/im01.faultAlarm          False                   Good                0.0s     注塑机报警位
   GW-LINE-B/mtc01.actualTemp     99.4 ℃                  Good                0.0s     模温机温度
   GW-LINE-B/mtc01.pumpFlow       24 L/min                Good                0.0s     模温机流量
   GW-LINE-B/dry01.dryTemp        79.4 ℃                  Good                0.0s     干燥温度
   GW-LINE-B/dry01.dewPoint       -35.3 ℃                 Good                0.0s     露点
   GW-LINE-B/dry01.materialLevel  30 %                    Good                0.0s     料位
   GW-LINE-B/rob01.cycleTime      2.9 s                   Good                0.0s     机械手节拍时间
   GW-LINE-B/rob01.totalPicks     45                      Good                0.0s     累计取件
   EM-01/em01.activePower         105 kW                  Good                0.0s     总有功功率
   EM-01/em01.powerFactor         0.906                   Good                0.0s     功率因数
   EM-01/em01.totalEnergy         4372.99 kWh             Good                0.0s     累计电能
   ENV-01/env01.roomTemp          23.9 ℃                  Good                0.0s     车间温度
   ENV-01/env01.humidity          53 %RH                  Good                0.0s     湿度
   ENV-01/env01.co2               450 ppm                 Good                0.0s     CO2
   ENV-01/env01.highTempAlarm     False                   Good                0.0s     高温报警位
   ENV-01/env01.plantLoad         42.0 %                  Good                0.0s     车间负载率(计算点)
  ── 激活报警：无
  事件计数：值 212  错误 0  写 0  （明细见 CSV）
[T+5.0s] [ops] —— 从站掉电演练 ——
══════════════════════════════════════════════════════════════════════════════════════════
  屏 #2   T+7.1s   本地时间 23:39:21   质量非 Good 或超过 5s 未刷新会标 !! / ~
══════════════════════════════════════════════════════════════════════════════════════════
  点位                                值                       质量                  年龄       说明
   IM-01/im01.stage               待机                      Good                0.0s     注塑阶段
   IM-01/im01.statusWord          1                       Good                0.0s     状态字
   IM-01/im01.cycleTime           40.5 s                  Good                0.0s     当前周期
   IM-01/im01.goodParts           2                       Good                0.0s     合格品数
   IM-01/im01.rejectParts         0                       Good                0.0s     次品数
   IM-01/im01.barrel1Temp         191.8 ℃                 Good                0.0s     料筒1段温
   IM-01/im01.moldTemp            84.6 ℃                  Good                0.0s     模具温度
   IM-01/im01.oilTemp             44.4 ℃                  Good                0.0s     液压油温
   IM-01/im01.injectPressure      0 bar                   Good                0.0s     射胶压力
   IM-01/im01.energyTotal         1.632 kWh               Good                0.0s     累计能耗
   IM-01/im01.moldTempDev         -0.4 ℃                  Good                0.0s     模温偏差(计算点)
   IM-01/im01.faultAlarm          False                   Good                0.0s     注塑机报警位
   GW-LINE-B/mtc01.actualTemp     99.3 ℃                  Good                0.0s     模温机温度
   GW-LINE-B/mtc01.pumpFlow       33 L/min                Good                0.0s     模温机流量
   GW-LINE-B/dry01.dryTemp        79.4 ℃                  Good                0.0s     干燥温度
   GW-LINE-B/dry01.dewPoint       -33.9 ℃                 Good                0.0s     露点
   GW-LINE-B/dry01.materialLevel  28 %                    Good                0.0s     料位
   GW-LINE-B/rob01.cycleTime      3.0 s                   Good                0.0s     机械手节拍时间
   GW-LINE-B/rob01.totalPicks     45                      Good                0.0s     累计取件
   EM-01/em01.activePower         115 kW                  Good                0.0s     总有功功率
   EM-01/em01.powerFactor         0.895                   Good                0.0s     功率因数
   EM-01/em01.totalEnergy         4388.21 kWh             Good                0.0s     累计电能
   ENV-01/env01.roomTemp          23.9 ℃                  Good                0.0s     车间温度
   ENV-01/env01.humidity          54 %RH                  Good                0.0s     湿度
   ENV-01/env01.co2               450 ppm                 Good                0.0s     CO2
   ENV-01/env01.highTempAlarm     False                   Good                0.0s     高温报警位
   ENV-01/env01.plantLoad         46.0 %                  Good                0.0s     车间负载率(计算点)
  ── 激活报警：无
  事件计数：值 399  错误 0  写 0  （明细见 CSV）
[T+10.0s] [ops] show IM-01/im01.moldTemp = 84.5 ℃  [质量 Good]  原始=84.5  时间戳=23:39:23.534
══════════════════════════════════════════════════════════════════════════════════════════
  屏 #3   T+12.1s   本地时间 23:39:26   质量非 Good 或超过 5s 未刷新会标 !! / ~
══════════════════════════════════════════════════════════════════════════════════════════
  点位                                值                       质量                  年龄       说明
   IM-01/im01.stage               待机                      Good                0.1s     注塑阶段
   IM-01/im01.statusWord          1                       Good                0.1s     状态字
   IM-01/im01.cycleTime           40.5 s                  Good                0.1s     当前周期
   IM-01/im01.goodParts           2                       Good                0.1s     合格品数
   IM-01/im01.rejectParts         0                       Good                0.1s     次品数
   IM-01/im01.barrel1Temp         191.8 ℃                 Good                0.1s     料筒1段温
   IM-01/im01.moldTemp            84.6 ℃                  Good                0.1s     模具温度
   IM-01/im01.oilTemp             44.7 ℃                  Good                0.1s     液压油温
   IM-01/im01.injectPressure      0 bar                   Good                0.1s     射胶压力
   IM-01/im01.energyTotal         1.637 kWh               Good                0.1s     累计能耗
   IM-01/im01.moldTempDev         -0.4 ℃                  Good                0.0s     模温偏差(计算点)
   IM-01/im01.faultAlarm          False                   Good                0.1s     注塑机报警位
   GW-LINE-B/mtc01.actualTemp     99.6 ℃                  Good                0.1s     模温机温度
   GW-LINE-B/mtc01.pumpFlow       21 L/min                Good                0.1s     模温机流量
   GW-LINE-B/dry01.dryTemp        79.4 ℃                  Good                0.0s     干燥温度
   GW-LINE-B/dry01.dewPoint       -34.1 ℃                 Good                0.0s     露点
   GW-LINE-B/dry01.materialLevel  27 %                    Good                0.0s     料位
   GW-LINE-B/rob01.cycleTime      3.1 s                   Good                0.0s     机械手节拍时间
   GW-LINE-B/rob01.totalPicks     45                      Good                0.0s     累计取件
   EM-01/em01.activePower         104 kW                  Good                0.1s     总有功功率
   EM-01/em01.powerFactor         0.897                   Good                0.1s     功率因数
   EM-01/em01.totalEnergy         4403.71 kWh             Good                0.1s     累计电能
   ENV-01/env01.roomTemp          23.8 ℃                  Good                0.1s     车间温度
   ENV-01/env01.humidity          56 %RH                  Good                0.1s     湿度
   ENV-01/env01.co2               450 ppm                 Good                0.1s     CO2
   ENV-01/env01.highTempAlarm     False                   Good                0.1s     高温报警位
   ENV-01/env01.plantLoad         41.6 %                  Good                0.0s     车间负载率(计算点)
  ── 激活报警：无
  事件计数：值 583  错误 0  写 0  （明细见 CSV）
[T+15.0s] [ops] write IM-01/im01.cavitySetTemp = 233 → Succeeded  verifyMismatch=False  readback=233 ℃[Good]  12ms  user=op01:Operator
══════════════════════════════════════════════════════════════════════════════════════════
  屏 #4   T+17.1s   本地时间 23:39:31   质量非 Good 或超过 5s 未刷新会标 !! / ~
══════════════════════════════════════════════════════════════════════════════════════════
  点位                                值                       质量                  年龄       说明
   IM-01/im01.stage               待机                      Good                0.1s     注塑阶段
   IM-01/im01.statusWord          1                       Good                0.1s     状态字
   IM-01/im01.cycleTime           40.5 s                  Good                0.1s     当前周期
   IM-01/im01.goodParts           2                       Good                0.1s     合格品数
   IM-01/im01.rejectParts         0                       Good                0.1s     次品数
   IM-01/im01.barrel1Temp         191.0 ℃                 Good                0.1s     料筒1段温
   IM-01/im01.moldTemp            84.6 ℃                  Good                0.1s     模具温度
   IM-01/im01.oilTemp             44.4 ℃                  Good                0.1s     液压油温
   IM-01/im01.injectPressure      0 bar                   Good                0.1s     射胶压力
   IM-01/im01.energyTotal         1.641 kWh               Good                0.1s     累计能耗
   IM-01/im01.moldTempDev         -0.4 ℃                  Good                0.0s     模温偏差(计算点)
   IM-01/im01.faultAlarm          False                   Good                0.1s     注塑机报警位
   GW-LINE-B/mtc01.actualTemp     99.4 ℃                  Good                0.1s     模温机温度
   GW-LINE-B/mtc01.pumpFlow       28 L/min                Good                0.1s     模温机流量
   GW-LINE-B/dry01.dryTemp        79.4 ℃                  Good                0.1s     干燥温度
   GW-LINE-B/dry01.dewPoint       -34.4 ℃                 Good                0.1s     露点
   GW-LINE-B/dry01.materialLevel  25 %                    Good                0.1s     料位
   GW-LINE-B/rob01.cycleTime      2.9 s                   Good                0.1s     机械手节拍时间
   GW-LINE-B/rob01.totalPicks     45                      Good                0.1s     累计取件
   EM-01/em01.activePower         116 kW                  Good                0.1s     总有功功率
   EM-01/em01.powerFactor         0.942                   Good                0.1s     功率因数
   EM-01/em01.totalEnergy         4418.89 kWh             Good                0.1s     累计电能
   ENV-01/env01.roomTemp          23.9 ℃                  Good                0.1s     车间温度
   ENV-01/env01.humidity          56 %RH                  Good                0.1s     湿度
   ENV-01/env01.co2               450 ppm                 Good                0.1s     CO2
   ENV-01/env01.highTempAlarm     False                   Good                0.1s     高温报警位
   ENV-01/env01.plantLoad         46.4 %                  Good                0.0s     车间负载率(计算点)
  ── 激活报警：无
  事件计数：值 769  错误 0  写 1  （明细见 CSV）
[T+18.0s] [ops] —— T+20s 停桩（模拟从站整机掉电） ——
[T+21.0s] [q] IM-01/im01.workMode Good → Bad（ss.reason.comm） 值=null
[T+21.0s] [q] IM-01/im01.targetOutput Good → Bad（ss.reason.comm） 值=null
[T+21.0s] [q] IM-01/im01.cavitySetTemp Good → Bad（ss.reason.comm） 值=null
[T+21.0s] [q] IM-01/im01.moldSetTemp Good → Bad（ss.reason.comm） 值=null
[T+21.0s] [q] IM-01/im01.holdTime Good → Bad（ss.reason.comm） 值=null
[T+21.0s] [q] IM-01/im01.coolTime Good → Bad（ss.reason.comm） 值=null
[T+21.0s] [q] IM-01/im01.overTempLimit Good → Bad（ss.reason.comm） 值=null
[T+21.0s] [q] IM-01/im01.moldTempDualSet Good → Bad（ss.reason.comm） 值=null
[T+21.0s] [q] IM-01/im01.energyBudget Good → Bad（ss.reason.comm） 值=null
[T+21.0s] [q] IM-01/im01.planHours Good → Bad（ss.reason.comm） 值=null
[T+21.0s] [q] IM-01/im01.ratedPower Good → Bad（ss.reason.comm） 值=null
[T+21.0s] [q] EM-01/em01.meterModel Good → Bad（ss.reason.comm） 值=null
[T+21.0s] [q] EM-01/em01.readTime Good → Bad（ss.reason.comm） 值=null
[T+21.0s] [q] GW-LINE-B/mtc01.runSeconds Good → Bad（ss.reason.comm） 值=null
[T+21.0s] [q] GW-LINE-B/mtc01.energyTotal Good → Bad（ss.reason.comm） 值=null
[T+21.0s] [错误] LinkError class=LinkDown code=MODBUS.LINK level=Error key=ss.error.comm device=IM-01, transport=lineA, unit=1, HoldingRegister@0, elapsed=1000ms, consecutive=11
[T+21.0s] [错误] LinkError class=LinkDown code=MODBUS.LINK level=Error key=ss.error.comm device=EM-01, transport=util, unit=5, InputRegister@24, elapsed=1000ms, consecutive=2
[T+21.0s] [错误] LinkError class=LinkDown code=MODBUS.LINK level=Error key=ss.error.comm device=GW-LINE-B, transport=lineB, unit=2, InputRegister@10, elapsed=1000ms, consecutive=2
══════════════════════════════════════════════════════════════════════════════════════════
  屏 #5   T+22.2s   本地时间 23:39:36   质量非 Good 或超过 5s 未刷新会标 !! / ~
══════════════════════════════════════════════════════════════════════════════════════════
  点位                                值                       质量                  年龄       说明
   IM-01/im01.stage               待机                      Good                2.6s     注塑阶段
   IM-01/im01.statusWord          1                       Good                2.6s     状态字
   IM-01/im01.cycleTime           40.5 s                  Good                2.6s     当前周期
   IM-01/im01.goodParts           2                       Good                2.6s     合格品数
   IM-01/im01.rejectParts         0                       Good                2.6s     次品数
   IM-01/im01.barrel1Temp         191.0 ℃                 Good                3.1s     料筒1段温
   IM-01/im01.moldTemp            84.6 ℃                  Good                3.1s     模具温度
   IM-01/im01.oilTemp             44.6 ℃                  Good                3.1s     液压油温
   IM-01/im01.injectPressure      0 bar                   Good                3.1s     射胶压力
   IM-01/im01.energyTotal         1.642 kWh               Good                3.1s     累计能耗
!! IM-01/im01.moldTempDev         --（质量非 Good）            Bad(ss.reason.cal…  0.0s     模温偏差(计算点)  [原始值 null]
   IM-01/im01.faultAlarm          False                   Good                2.6s     注塑机报警位
   GW-LINE-B/mtc01.actualTemp     99.4 ℃                  Good                3.1s     模温机温度
   GW-LINE-B/mtc01.pumpFlow       39 L/min                Good                3.1s     模温机流量
   GW-LINE-B/dry01.dryTemp        79.4 ℃                  Good                3.1s     干燥温度
   GW-LINE-B/dry01.dewPoint       -34.3 ℃                 Good                3.1s     露点
   GW-LINE-B/dry01.materialLevel  25 %                    Good                3.1s     料位
   GW-LINE-B/rob01.cycleTime      3.1 s                   Good                3.1s     机械手节拍时间
   GW-LINE-B/rob01.totalPicks     45                      Good                3.1s     累计取件
   EM-01/em01.activePower         125 kW                  Good                3.1s     总有功功率
   EM-01/em01.powerFactor         0.939                   Good                3.1s     功率因数
   EM-01/em01.totalEnergy         4425.28 kWh             Good                3.1s     累计电能
   ENV-01/env01.roomTemp          23.9 ℃                  Good                3.1s     车间温度
   ENV-01/env01.humidity          53 %RH                  Good                3.1s     湿度
   ENV-01/env01.co2               450 ppm                 Good                3.1s     CO2
   ENV-01/env01.highTempAlarm     False                   Good                3.1s     高温报警位
   ENV-01/env01.plantLoad         50.0 %                  Good                0.0s     车间负载率(计算点)
  ── 激活报警：无
  事件计数：值 853  错误 3  写 1  （明细见 CSV）
[T+23.1s] [q] GW-LINE-B/mtc01.tempDeviation Good → Bad（ss.reason.comm） 值=null
[T+23.1s] [错误] TimeoutError class=Transient code=MODBUS.TIMEOUT level=Error key=ss.error.comm device=GW-LINE-B, transport=lineB, unit=2, InputRegister@52, elapsed=2093ms, consecutive=1
[T+24.0s] [错误] TimeoutError class=Transient code=MODBUS.TIMEOUT level=Error key=ss.error.comm device=ENV-01, transport=util, unit=6, InputRegister@11, elapsed=4000ms, consecutive=4
[T+24.0s] [q] IM-01/im01.clampForceDev Good → Bad（ss.reason.comm） 值=null
[T+24.0s] [错误] TimeoutError class=Transient code=MODBUS.TIMEOUT level=Error key=ss.error.comm device=IM-01, transport=lineA, unit=1, InputRegister@100, elapsed=3000ms, consecutive=1
[T+24.0s] [q] ENV-01/env01.runSeconds Good → Bad（ss.reason.comm） 值=null
[T+24.0s] [q] ENV-01/env01.sampleTime Good → Bad（ss.reason.comm） 值=null
[T+24.0s] [q] ENV-01/env01.areaName Good → Bad（ss.reason.comm） 值=null
[T+24.0s] [q] ENV-01/env01.alarmCode Good → Bad（ss.reason.comm） 值=null
[T+25.0s] [错误] TimeoutError class=Transient code=MODBUS.TIMEOUT level=Error key=ss.error.comm device=EM-01, transport=util, unit=5, HoldingRegister@1, elapsed=4000ms, consecutive=2
[T+25.0s] [q] EM-01/em01.ctRatio Good → Bad（ss.reason.comm） 值=null
[T+25.0s] [q] EM-01/em01.demandThreshold Good → Bad（ss.reason.comm） 值=null
[T+25.2s] [q] GW-LINE-B/mtc01.heatingMode Good → Bad（ss.reason.comm） 值=null
[T+25.2s] [错误] TimeoutError class=Transient code=MODBUS.TIMEOUT level=Error key=ss.error.comm device=GW-LINE-B, transport=lineB, unit=2, HoldingRegister@1, elapsed=2094ms, consecutive=1
══════════════════════════════════════════════════════════════════════════════════════════
  屏 #6   T+27.2s   本地时间 23:39:41   质量非 Good 或超过 5s 未刷新会标 !! / ~
══════════════════════════════════════════════════════════════════════════════════════════
  点位                                值                       质量                  年龄       说明
~  IM-01/im01.stage               待机                      Good 数据陈旧           7.6s     注塑阶段
~  IM-01/im01.statusWord          1                       Good 数据陈旧           7.6s     状态字
~  IM-01/im01.cycleTime           40.5 s                  Good 数据陈旧           7.6s     当前周期
~  IM-01/im01.goodParts           2                       Good 数据陈旧           7.6s     合格品数
~  IM-01/im01.rejectParts         0                       Good 数据陈旧           7.6s     次品数
~  IM-01/im01.barrel1Temp         191.0 ℃                 Good 数据陈旧           8.1s     料筒1段温
~  IM-01/im01.moldTemp            84.6 ℃                  Good 数据陈旧           8.1s     模具温度
~  IM-01/im01.oilTemp             44.6 ℃                  Good 数据陈旧           8.1s     液压油温
~  IM-01/im01.injectPressure      0 bar                   Good 数据陈旧           8.1s     射胶压力
~  IM-01/im01.energyTotal         1.642 kWh               Good 数据陈旧           8.1s     累计能耗
!! IM-01/im01.moldTempDev         --（质量非 Good）            Bad(ss.reason.cal…  0.0s     模温偏差(计算点)  [原始值 null]
~  IM-01/im01.faultAlarm          False                   Good 数据陈旧           7.6s     注塑机报警位
~  GW-LINE-B/mtc01.actualTemp     99.4 ℃                  Good 数据陈旧           8.1s     模温机温度
~  GW-LINE-B/mtc01.pumpFlow       39 L/min                Good 数据陈旧           8.1s     模温机流量
~  GW-LINE-B/dry01.dryTemp        79.4 ℃                  Good 数据陈旧           8.1s     干燥温度
~  GW-LINE-B/dry01.dewPoint       -34.3 ℃                 Good 数据陈旧           8.1s     露点
~  GW-LINE-B/dry01.materialLevel  25 %                    Good 数据陈旧           8.1s     料位
~  GW-LINE-B/rob01.cycleTime      3.1 s                   Good 数据陈旧           8.1s     机械手节拍时间
~  GW-LINE-B/rob01.totalPicks     45                      Good 数据陈旧           8.1s     累计取件
~  EM-01/em01.activePower         125 kW                  Good 数据陈旧           8.1s     总有功功率
~  EM-01/em01.powerFactor         0.939                   Good 数据陈旧           8.1s     功率因数
~  EM-01/em01.totalEnergy         4425.28 kWh             Good 数据陈旧           8.1s     累计电能
~  ENV-01/env01.roomTemp          23.9 ℃                  Good 数据陈旧           8.1s     车间温度
~  ENV-01/env01.humidity          53 %RH                  Good 数据陈旧           8.1s     湿度
~  ENV-01/env01.co2               450 ppm                 Good 数据陈旧           8.1s     CO2
~  ENV-01/env01.highTempAlarm     False                   Good 数据陈旧           8.1s     高温报警位
   ENV-01/env01.plantLoad         50.0 %                  Good                0.0s     车间负载率(计算点)
  ── 激活报警：无
  事件计数：值 862  错误 8  写 1  （明细见 CSV）
[T+27.3s] [错误] TimeoutError class=Transient code=MODBUS.TIMEOUT level=Error key=ss.error.comm device=GW-LINE-B, transport=lineB, unit=2, HoldingRegister@8, elapsed=2094ms, consecutive=2
[T+27.3s] [q] GW-LINE-B/mtc01.serialNo Good → Bad（ss.reason.comm） 值=null
[T+27.3s] [q] GW-LINE-B/mtc01.calibTime Good → Bad（ss.reason.comm） 值=null
[T+28.0s] [错误] TimeoutError class=Transient code=MODBUS.TIMEOUT level=Error key=ss.error.comm device=IM-01, transport=lineA, unit=1, HoldingRegister@23, elapsed=4000ms, consecutive=2
[T+28.0s] [q] IM-01/im01.recipeName Good → Bad（ss.reason.comm） 值=null
[T+28.0s] [错误] TimeoutError class=Transient code=MODBUS.TIMEOUT level=Error key=ss.error.comm device=ENV-01, transport=util, unit=6, DiscreteInput@2, elapsed=4000ms, consecutive=1
[T+28.0s] [q] ENV-01/env01.acRunning Good → Bad（ss.reason.comm） 值=null
[T+28.0s] [q] IM-01/im01.bootTime Good → Bad（ss.reason.comm） 值=null
[T+29.0s] [错误] TimeoutError class=Transient code=MODBUS.TIMEOUT level=Error key=ss.error.comm device=EM-01, transport=util, unit=5, HoldingRegister@10, elapsed=4000ms, consecutive=1
[T+29.0s] [q] EM-01/em01.meterNo Good → Bad（ss.reason.comm） 值=null
[T+29.0s] [审计] Indeterminate IM-01/im01.cavitySetTemp value=236 user=op01 msg=ss.error.writeFailed
[T+29.0s] [ops] write IM-01/im01.cavitySetTemp = 236 → Indeterminate  verifyMismatch=False  readback=-  6993ms  user=op01:Operator
        error: code=MODBUS.TIMEOUT key=ss.error.writeFailed source=Device device=IM-01, unit=1, point=im01.cavitySetTemp, HoldingRegister@2, elapsed=3000ms
[T+29.4s] [错误] TimeoutError class=Transient code=MODBUS.TIMEOUT level=Error key=ss.error.comm device=GW-LINE-B, transport=lineB, unit=3, InputRegister@9, elapsed=2094ms, consecutive=2
[T+29.4s] [q] GW-LINE-B/dry01.drySeconds Good → Bad（ss.reason.comm） 值=null
[T+29.4s] [q] GW-LINE-B/dry01.energyTotal Good → Bad（ss.reason.comm） 值=null
[T+30.0s] [ops] show IM-01/im01.moldTemp = 84.6 ℃  [质量 Good]  原始=84.6  时间戳=23:39:33.540
[23:39:44] [资源] T+30.1s  线程 26  句柄 458  GC 后托管堆 1.87 MB
[T+31.1s] [错误] TimeoutError class=Transient code=MODBUS.TIMEOUT level=Error key=ss.error.comm device=IM-01, transport=lineA, unit=1, InputRegister@0, elapsed=3093ms, consecutive=11
[T+31.1s] [q] IM-01/im01.statusWord Good → Bad（ss.reason.comm） 值=null
[T+31.1s] [q] IM-01/im01.alarmCode Good → Bad（ss.reason.comm） 值=null
[T+31.1s] [q] IM-01/im01.totalMolds Good → Bad（ss.reason.comm） 值=null
[T+31.1s] [q] IM-01/im01.goodParts Good → Bad（ss.reason.comm） 值=null
[T+31.1s] [q] IM-01/im01.rejectParts Good → Bad（ss.reason.comm） 值=null
[T+31.1s] [q] IM-01/im01.cycleTime Good → Bad（ss.reason.comm） 值=null
[T+31.1s] [q] IM-01/im01.avgCycleTime Good → Bad（ss.reason.comm） 值=null
[T+31.1s] [q] IM-01/im01.oee Good → Bad（ss.reason.comm） 值=null
[T+31.1s] [q] IM-01/im01.stage Good → Bad（ss.reason.comm） 值=null
[T+31.1s] [q] IM-01/im01.batchNo Good → Bad（ss.reason.comm） 值=null
[T+31.1s] [q] IM-01/im01.prodTime Good → Bad（ss.reason.comm） 值=null
[T+31.5s] [错误] TimeoutError class=Transient code=MODBUS.TIMEOUT level=Error key=ss.error.comm device=GW-LINE-B, transport=lineB, unit=3, InputRegister@52, elapsed=2093ms, consecutive=1
[T+31.5s] [q] GW-LINE-B/dry01.dewDeviation Good → Bad（ss.reason.comm） 值=null
[T+32.0s] [错误] TimeoutError class=Transient code=MODBUS.TIMEOUT level=Error key=ss.error.comm device=ENV-01, transport=util, unit=6, InputRegister@62, elapsed=4000ms, consecutive=1
[T+32.0s] [q] ENV-01/env01.tempDeviation Good → Bad（ss.reason.comm） 值=null
══════════════════════════════════════════════════════════════════════════════════════════
  屏 #7   T+32.2s   本地时间 23:39:46   质量非 Good 或超过 5s 未刷新会标 !! / ~
══════════════════════════════════════════════════════════════════════════════════════════
  点位                                值                       质量                  年龄       说明
!! IM-01/im01.stage               --（质量非 Good）            Bad(ss.reason.com…  1.1s     注塑阶段  [原始值 null]
!! IM-01/im01.statusWord          --（质量非 Good）            Bad(ss.reason.com…  1.1s     状态字  [原始值 null]
!! IM-01/im01.cycleTime           --（质量非 Good）            Bad(ss.reason.com…  1.1s     当前周期  [原始值 null]
!! IM-01/im01.goodParts           --（质量非 Good）            Bad(ss.reason.com…  1.1s     合格品数  [原始值 null]
!! IM-01/im01.rejectParts         --（质量非 Good）            Bad(ss.reason.com…  1.1s     次品数  [原始值 null]
~  IM-01/im01.barrel1Temp         191.0 ℃                 Good 数据陈旧           13.2s    料筒1段温
~  IM-01/im01.moldTemp            84.6 ℃                  Good 数据陈旧           13.2s    模具温度
~  IM-01/im01.oilTemp             44.6 ℃                  Good 数据陈旧           13.2s    液压油温
~  IM-01/im01.injectPressure      0 bar                   Good 数据陈旧           13.2s    射胶压力
~  IM-01/im01.energyTotal         1.642 kWh               Good 数据陈旧           13.2s    累计能耗
!! IM-01/im01.moldTempDev         --（质量非 Good）            Bad(ss.reason.cal…  0.0s     模温偏差(计算点)  [原始值 null]
~  IM-01/im01.faultAlarm          False                   Good 数据陈旧           12.6s    注塑机报警位
~  GW-LINE-B/mtc01.actualTemp     99.4 ℃                  Good 数据陈旧           13.1s    模温机温度
~  GW-LINE-B/mtc01.pumpFlow       39 L/min                Good 数据陈旧           13.1s    模温机流量
~  GW-LINE-B/dry01.dryTemp        79.4 ℃                  Good 数据陈旧           13.1s    干燥温度
~  GW-LINE-B/dry01.dewPoint       -34.3 ℃                 Good 数据陈旧           13.1s    露点
~  GW-LINE-B/dry01.materialLevel  25 %                    Good 数据陈旧           13.1s    料位
~  GW-LINE-B/rob01.cycleTime      3.1 s                   Good 数据陈旧           13.1s    机械手节拍时间
~  GW-LINE-B/rob01.totalPicks     45                      Good 数据陈旧           13.1s    累计取件
~  EM-01/em01.activePower         125 kW                  Good 数据陈旧           13.2s    总有功功率
~  EM-01/em01.powerFactor         0.939                   Good 数据陈旧           13.2s    功率因数
~  EM-01/em01.totalEnergy         4425.28 kWh             Good 数据陈旧           13.2s    累计电能
~  ENV-01/env01.roomTemp          23.9 ℃                  Good 数据陈旧           13.1s    车间温度
~  ENV-01/env01.humidity          53 %RH                  Good 数据陈旧           13.1s    湿度
~  ENV-01/env01.co2               450 ppm                 Good 数据陈旧           13.1s    CO2
~  ENV-01/env01.highTempAlarm     False                   Good 数据陈旧           13.1s    高温报警位
   ENV-01/env01.plantLoad         50.0 %                  Good                0.0s     车间负载率(计算点)
  ── 激活报警：无
  事件计数：值 883  错误 16  写 2  （明细见 CSV）
[T+33.0s] [错误] TimeoutError class=Transient code=MODBUS.TIMEOUT level=Error key=ss.error.comm device=EM-01, transport=util, unit=5, InputRegister@0, elapsed=4000ms, consecutive=15
[T+33.0s] [q] EM-01/em01.totalEnergy Good → Bad（ss.reason.comm） 值=null
[T+33.0s] [q] EM-01/em01.forwardEnergy Good → Bad（ss.reason.comm） 值=null
[T+33.0s] [q] EM-01/em01.voltageA Good → Bad（ss.reason.comm） 值=null
[T+33.0s] [q] EM-01/em01.voltageB Good → Bad（ss.reason.comm） 值=null
[T+33.0s] [q] EM-01/em01.voltageC Good → Bad（ss.reason.comm） 值=null
[T+33.0s] [q] EM-01/em01.currentA Good → Bad（ss.reason.comm） 值=null
[T+33.0s] [q] EM-01/em01.activePower Good → Bad（ss.reason.comm） 值=null
[T+33.0s] [q] EM-01/em01.reactivePower Good → Bad（ss.reason.comm） 值=null
[T+33.0s] [q] EM-01/em01.powerFactor Good → Bad（ss.reason.comm） 值=null
[T+33.0s] [q] EM-01/em01.frequency Good → Bad（ss.reason.comm） 值=null
[T+33.0s] [q] EM-01/em01.alarmCode Good → Bad（ss.reason.comm） 值=null
[T+33.0s] [q] EM-01/em01.demand Good → Bad（ss.reason.comm） 值=null
[T+33.0s] [q] EM-01/em01.energyF64 Good → Bad（ss.reason.comm） 值=null
[T+33.0s] [q] EM-01/em01.unbalance Good → Bad（ss.reason.comm） 值=null
[T+33.0s] [q] EM-01/em01.energyDual Good → Bad（ss.reason.comm） 值=null
[T+33.2s] [q] IM-01/im01.ready Good → Bad（ss.reason.comm） 值=null
[T+33.2s] [q] IM-01/im01.producing Good → Bad（ss.reason.comm） 值=null
[T+33.2s] [q] IM-01/im01.faultAlarm Good → Bad（ss.reason.comm） 值=null
[T+33.2s] [错误] TimeoutError class=Transient code=MODBUS.TIMEOUT level=Error key=ss.error.comm device=IM-01, transport=lineA, unit=1, DiscreteInput@1, elapsed=2094ms, consecutive=3
[T+33.6s] [q] GW-LINE-B/dry01.materialBatch Good → Bad（ss.reason.comm） 值=null
[T+33.6s] [错误] TimeoutError class=Transient code=MODBUS.TIMEOUT level=Error key=ss.error.comm device=GW-LINE-B, transport=lineB, unit=3, HoldingRegister@8, elapsed=2094ms, consecutive=1
[T+35.3s] [错误] TimeoutError class=Transient code=MODBUS.TIMEOUT level=Error key=ss.error.comm device=IM-01, transport=lineA, unit=1, InputRegister@30, elapsed=2094ms, consecutive=14
[T+35.3s] [q] IM-01/im01.barrel1Temp Good → Bad（ss.reason.comm） 值=null
[T+35.3s] [q] IM-01/im01.barrel5Temp Good → Bad（ss.reason.comm） 值=null
[T+35.3s] [q] IM-01/im01.moldTemp Good → Bad（ss.reason.comm） 值=null
[T+35.3s] [q] IM-01/im01.oilTemp Good → Bad（ss.reason.comm） 值=null
[T+35.3s] [q] IM-01/im01.injectPressure Good → Bad（ss.reason.comm） 值=null
[T+35.3s] [q] IM-01/im01.injectSpeed Good → Bad（ss.reason.comm） 值=null
[T+35.3s] [q] IM-01/im01.screwSpeed Good → Bad（ss.reason.comm） 值=null
[T+35.3s] [q] IM-01/im01.clampPressure Good → Bad（ss.reason.comm） 值=null
[T+35.3s] [q] IM-01/im01.pumpCurrent Good → Bad（ss.reason.comm） 值=null
[T+35.3s] [q] IM-01/im01.hydraulicPressure Good → Bad（ss.reason.comm） 值=null
[T+35.3s] [q] IM-01/im01.power Good → Bad（ss.reason.comm） 值=null
[T+35.3s] [q] IM-01/im01.meltEnergy Good → Bad（ss.reason.comm） 值=null
[T+35.3s] [q] IM-01/im01.energyTotal Good → Bad（ss.reason.comm） 值=null
[T+35.3s] [q] IM-01/im01.moldTempDual Good → Bad（ss.reason.comm） 值=null
[T+35.7s] [q] GW-LINE-B/dry01.batchBcd Good → Bad（ss.reason.comm） 值=null
[T+35.7s] [错误] TimeoutError class=Transient code=MODBUS.TIMEOUT level=Error key=ss.error.comm device=GW-LINE-B, transport=lineB, unit=3, HoldingRegister@24, elapsed=2094ms, consecutive=1
[T+36.0s] [q] ENV-01/env01.tempAlarmLimit Good → Bad（ss.reason.comm） 值=null
[T+36.0s] [q] ENV-01/env01.co2Threshold Good → Bad（ss.reason.comm） 值=null
[T+36.0s] [错误] TimeoutError class=Transient code=MODBUS.TIMEOUT level=Error key=ss.error.comm device=ENV-01, transport=util, unit=6, HoldingRegister@2, elapsed=4000ms, consecutive=2
[T+37.0s] [q] EM-01/em01.overDemand Good → Bad（ss.reason.comm） 值=null
[T+37.0s] [错误] TimeoutError class=Transient code=MODBUS.TIMEOUT level=Error key=ss.error.comm device=EM-01, transport=util, unit=5, DiscreteInput@1, elapsed=4000ms, consecutive=1
══════════════════════════════════════════════════════════════════════════════════════════
  屏 #8   T+37.2s   本地时间 23:39:51   质量非 Good 或超过 5s 未刷新会标 !! / ~
══════════════════════════════════════════════════════════════════════════════════════════
  点位                                值                       质量                  年龄       说明
!! IM-01/im01.stage               --（质量非 Good）            Bad(ss.reason.com…  6.1s     注塑阶段  [原始值 null]
!! IM-01/im01.statusWord          --（质量非 Good）            Bad(ss.reason.com…  6.1s     状态字  [原始值 null]
!! IM-01/im01.cycleTime           --（质量非 Good）            Bad(ss.reason.com…  6.1s     当前周期  [原始值 null]
!! IM-01/im01.goodParts           --（质量非 Good）            Bad(ss.reason.com…  6.1s     合格品数  [原始值 null]
!! IM-01/im01.rejectParts         --（质量非 Good）            Bad(ss.reason.com…  6.1s     次品数  [原始值 null]
!! IM-01/im01.barrel1Temp         --（质量非 Good）            Bad(ss.reason.com…  1.9s     料筒1段温  [原始值 null]
!! IM-01/im01.moldTemp            --（质量非 Good）            Bad(ss.reason.com…  1.9s     模具温度  [原始值 null]
!! IM-01/im01.oilTemp             --（质量非 Good）            Bad(ss.reason.com…  1.9s     液压油温  [原始值 null]
!! IM-01/im01.injectPressure      --（质量非 Good）            Bad(ss.reason.com…  1.9s     射胶压力  [原始值 null]
!! IM-01/im01.energyTotal         --（质量非 Good）            Bad(ss.reason.com…  1.9s     累计能耗  [原始值 null]
!! IM-01/im01.moldTempDev         --（质量非 Good）            Bad(ss.reason.cal…  0.0s     模温偏差(计算点)  [原始值 null]
!! IM-01/im01.faultAlarm          --（质量非 Good）            Bad(ss.reason.com…  4.0s     注塑机报警位  [原始值 null]
~  GW-LINE-B/mtc01.actualTemp     99.4 ℃                  Good 数据陈旧           18.1s    模温机温度
~  GW-LINE-B/mtc01.pumpFlow       39 L/min                Good 数据陈旧           18.1s    模温机流量
~  GW-LINE-B/dry01.dryTemp        79.4 ℃                  Good 数据陈旧           18.1s    干燥温度
~  GW-LINE-B/dry01.dewPoint       -34.3 ℃                 Good 数据陈旧           18.1s    露点
~  GW-LINE-B/dry01.materialLevel  25 %                    Good 数据陈旧           18.1s    料位
~  GW-LINE-B/rob01.cycleTime      3.1 s                   Good 数据陈旧           18.1s    机械手节拍时间
~  GW-LINE-B/rob01.totalPicks     45                      Good 数据陈旧           18.1s    累计取件
!! EM-01/em01.activePower         --（质量非 Good）            Bad(ss.reason.com…  4.2s     总有功功率  [原始值 null]
!! EM-01/em01.powerFactor         --（质量非 Good）            Bad(ss.reason.com…  4.2s     功率因数  [原始值 null]
!! EM-01/em01.totalEnergy         --（质量非 Good）            Bad(ss.reason.com…  4.2s     累计电能  [原始值 null]
~  ENV-01/env01.roomTemp          23.9 ℃                  Good 数据陈旧           18.2s    车间温度
~  ENV-01/env01.humidity          53 %RH                  Good 数据陈旧           18.2s    湿度
~  ENV-01/env01.co2               450 ppm                 Good 数据陈旧           18.2s    CO2
~  ENV-01/env01.highTempAlarm     False                   Good 数据陈旧           18.2s    高温报警位
!! ENV-01/env01.plantLoad         --（质量非 Good）            Bad(ss.reason.cal…  0.0s     车间负载率(计算点)  [原始值 null]
  ── 激活报警：无
  事件计数：值 920  错误 23  写 2  （明细见 CSV）
[T+37.4s] [错误] TimeoutError class=Transient code=MODBUS.TIMEOUT level=Error key=ss.error.comm device=IM-01, transport=lineA, unit=1, Coil@4, elapsed=2094ms, consecutive=4
[T+37.4s] [q] IM-01/im01.moldCloseJog Good → Bad（ss.reason.comm） 值=null
[T+37.4s] [q] IM-01/im01.start Good → Bad（ss.reason.comm） 值=null
[T+37.4s] [q] IM-01/im01.stop Good → Bad（ss.reason.comm） 值=null
[T+37.4s] [q] IM-01/im01.estop Good → Bad（ss.reason.comm） 值=null
[T+37.8s] [q] GW-LINE-B/rob01.runSeconds Good → Bad（ss.reason.comm） 值=null
[T+37.8s] [错误] TimeoutError class=Transient code=MODBUS.TIMEOUT level=Error key=ss.error.comm device=GW-LINE-B, transport=lineB, unit=4, InputRegister@16, elapsed=2094ms, consecutive=1
[T+38.0s] [ops] —— T+40s 重新起桩 ——
[T+39.5s] [错误] TimeoutError class=Transient code=MODBUS.TIMEOUT level=Error key=ss.error.comm device=IM-01, transport=lineA, unit=1, HoldingRegister@0, elapsed=2093ms, consecutive=11
[T+39.8s] [错误] TimeoutError class=Transient code=MODBUS.TIMEOUT level=Error key=ss.error.comm device=GW-LINE-B, transport=lineB, unit=4, InputRegister@22, elapsed=2093ms, consecutive=1
[T+39.8s] [q] GW-LINE-B/rob01.energyTotal Good → Bad（ss.reason.comm） 值=null
[T+40.0s] [q] ENV-01/env01.areaNameW Good → Bad（ss.reason.comm） 值=null
[T+40.0s] [错误] TimeoutError class=Transient code=MODBUS.TIMEOUT level=Error key=ss.error.comm device=ENV-01, transport=util, unit=6, HoldingRegister@8, elapsed=4000ms, consecutive=1
[T+40.6s] [q] IM-01/im01.clampForceDev Bad → Good 值=-44
[T+40.6s] [q] IM-01/im01.recipeName Bad → Good 值=PC-ABS-757 ??????
[T+40.6s] [q] IM-01/im01.bootTime Bad → Good 值=2026/9/15 23:39:53
[T+40.6s] [q] IM-01/im01.statusWord Bad → Good 值=17
[T+40.6s] [q] IM-01/im01.alarmCode Bad → Good 值=0
[T+40.6s] [q] IM-01/im01.totalMolds Bad → Good 值=0
[T+40.6s] [q] IM-01/im01.goodParts Bad → Good 值=0
[T+40.6s] [q] IM-01/im01.rejectParts Bad → Good 值=0
[T+40.6s] [q] IM-01/im01.cycleTime Bad → Good 值=30
[T+40.6s] [q] IM-01/im01.avgCycleTime Bad → Good 值=30
[T+40.6s] [q] IM-01/im01.oee Bad → Good 值=92
[T+40.6s] [q] IM-01/im01.stage Bad → Good 值=3
[T+40.6s] [q] IM-01/im01.batchNo Bad → Good 值=2026
[T+40.6s] [q] IM-01/im01.prodTime Bad → Good 值=2026/9/15 23:39:55
[T+40.6s] [q] IM-01/im01.ready Bad → Good 值=True
[T+40.6s] [q] IM-01/im01.producing Bad → Good 值=True
[T+40.6s] [q] IM-01/im01.faultAlarm Bad → Good 值=False
[T+40.6s] [q] IM-01/im01.barrel1Temp Bad → Good 值=220
[T+40.6s] [q] IM-01/im01.barrel5Temp Bad → Good 值=179.9
[T+40.6s] [q] IM-01/im01.moldTemp Bad → Good 值=85
[T+40.6s] [q] IM-01/im01.oilTemp Bad → Good 值=45
[T+40.6s] [q] IM-01/im01.injectPressure Bad → Good 值=0
[T+40.6s] [q] IM-01/im01.injectSpeed Bad → Good 值=0
[T+40.6s] [q] IM-01/im01.screwSpeed Bad → Good 值=209
[T+40.6s] [q] IM-01/im01.clampPressure Bad → Good 值=0
[T+40.6s] [q] IM-01/im01.pumpCurrent Bad → Good 值=7
[T+40.6s] [q] IM-01/im01.hydraulicPressure Bad → Good 值=18
[T+40.6s] [q] IM-01/im01.power Bad → Good 值=14
[T+40.6s] [q] IM-01/im01.meltEnergy Bad → Good 值=9.76318
[T+40.6s] [q] IM-01/im01.energyTotal Bad → Good 值=0.000388888888888889
[T+40.6s] [q] IM-01/im01.moldTempDual Bad → Good 值=0
[T+40.6s] [q] IM-01/im01.moldCloseJog Bad → Good 值=False
[T+40.6s] [q] IM-01/im01.start Bad → Good 值=False
[T+40.6s] [q] IM-01/im01.stop Bad → Good 值=False
[T+40.6s] [q] IM-01/im01.estop Bad → Good 值=False
[T+40.6s] [q] IM-01/im01.workMode Bad → Good 值=3
[T+40.6s] [q] IM-01/im01.targetOutput Bad → Good 值=50000
[T+40.6s] [q] IM-01/im01.cavitySetTemp Bad → Good 值=220
[T+40.6s] [q] IM-01/im01.moldSetTemp Bad → Good 值=85
[T+40.6s] [q] IM-01/im01.holdTime Bad → Good 值=2.5
[T+40.6s] [q] IM-01/im01.coolTime Bad → Good 值=15
[T+40.6s] [q] IM-01/im01.overTempLimit Bad → Good 值=260
[T+40.6s] [q] IM-01/im01.moldTempDualSet Bad → Good 值=25
[T+40.6s] [q] IM-01/im01.energyBudget Bad → Good 值=1500
[T+40.6s] [q] IM-01/im01.planHours Bad → Good 值=28800
[T+40.6s] [q] IM-01/im01.ratedPower Bad → Good 值=75.5
[T+41.0s] [q] GW-LINE-B/mtc01.runSeconds Bad → Good 值=5
[T+41.0s] [q] GW-LINE-B/mtc01.energyTotal Bad → Good 值=0.000666666666666667
[T+41.0s] [q] GW-LINE-B/mtc01.tempDeviation Bad → Good 值=-0.3
[T+41.0s] [q] GW-LINE-B/mtc01.heatingMode Bad → Good 值=1
[T+41.0s] [q] GW-LINE-B/mtc01.serialNo Bad → Good 值=MTC-2026-0001
[T+41.0s] [q] GW-LINE-B/mtc01.calibTime Bad → Good 值=2026/9/15 23:39:53
[T+41.0s] [q] GW-LINE-B/dry01.drySeconds Bad → Good 值=5
[T+41.0s] [q] GW-LINE-B/dry01.energyTotal Bad → Good 值=0.000833333333333333
[T+41.0s] [q] GW-LINE-B/dry01.dewDeviation Bad → Good 值=0.2
[T+41.0s] [q] GW-LINE-B/dry01.materialBatch Bad → Good 值=PA66-GF30-0912
[T+41.0s] [q] GW-LINE-B/dry01.batchBcd Bad → Good 值=910
[T+41.0s] [q] GW-LINE-B/rob01.runSeconds Bad → Good 值=5
[T+41.0s] [q] GW-LINE-B/rob01.energyTotal Bad → Good 值=0.000722222222222222
[T+41.0s] [错误] TimeoutError class=Transient code=MODBUS.TIMEOUT level=Error key=ss.error.comm device=EM-01, transport=util, unit=5, InputRegister@24, elapsed=4000ms, consecutive=2
[T+41.0s] [q] EM-01/em01.ctRatio Bad → Good 值=20
[T+41.0s] [q] EM-01/em01.demandThreshold Bad → Good 值=150
[T+41.0s] [q] EM-01/em01.meterNo Bad → Good 值=EM-2026-0001
[T+41.0s] [q] EM-01/em01.totalEnergy Bad → Good 值=0.95
[T+41.0s] [q] EM-01/em01.forwardEnergy Bad → Good 值=0.95
[T+41.0s] [q] EM-01/em01.voltageA Bad → Good 值=378
[T+41.0s] [q] EM-01/em01.voltageB Bad → Good 值=377
[T+41.0s] [q] EM-01/em01.voltageC Bad → Good 值=384
[T+41.0s] [q] EM-01/em01.currentA Bad → Good 值=148.7
[T+41.0s] [q] EM-01/em01.activePower Bad → Good 值=109
[T+41.0s] [q] EM-01/em01.reactivePower Bad → Good 值=31
[T+41.0s] [q] EM-01/em01.powerFactor Bad → Good 值=0.865
[T+41.0s] [q] EM-01/em01.frequency Bad → Good 值=49.95
[T+41.0s] [q] EM-01/em01.alarmCode Bad → Good 值=0
[T+41.0s] [q] EM-01/em01.demand Bad → Good 值=109
[T+41.0s] [q] EM-01/em01.energyF64 Bad → Good 值=0.00972222222222222
[T+41.0s] [q] EM-01/em01.unbalance Bad → Good 值=1.842105
[T+41.0s] [q] EM-01/em01.energyDual Bad → Good 值=0
[T+41.0s] [q] EM-01/em01.overDemand Bad → Good 值=False
[T+41.0s] [q] ENV-01/env01.runSeconds Bad → Good 值=5
[T+41.0s] [q] ENV-01/env01.sampleTime Bad → Good 值=2026/9/15 23:39:55
[T+41.0s] [q] ENV-01/env01.areaName Bad → Good 值=注塑车间A区
[T+41.0s] [q] ENV-01/env01.alarmCode Bad → Good 值=0
[T+41.0s] [q] ENV-01/env01.acRunning Bad → Good 值=True
[T+41.0s] [q] ENV-01/env01.tempDeviation Bad → Good 值=-0.1
[T+41.0s] [q] ENV-01/env01.tempAlarmLimit Bad → Good 值=32
[T+41.0s] [q] ENV-01/env01.co2Threshold Bad → Good 值=1000
[T+41.0s] [q] ENV-01/env01.areaNameW Bad → Good 值=注塑车间A区
[T+41.0s] [q] EM-01/em01.meterModel Bad → Good 值=EM-2026-0001
[T+41.0s] [q] EM-01/em01.readTime Bad → Good 值=2026/9/15 23:39:55
══════════════════════════════════════════════════════════════════════════════════════════
  屏 #9   T+42.2s   本地时间 23:39:56   质量非 Good 或超过 5s 未刷新会标 !! / ~
══════════════════════════════════════════════════════════════════════════════════════════
  点位                                值                       质量                  年龄       说明
   IM-01/im01.stage               保压                      Good                0.1s     注塑阶段
   IM-01/im01.statusWord          17                      Good                0.1s     状态字
   IM-01/im01.cycleTime           30.0 s                  Good                0.1s     当前周期
   IM-01/im01.goodParts           0                       Good                0.1s     合格品数
   IM-01/im01.rejectParts         0                       Good                0.1s     次品数
   IM-01/im01.barrel1Temp         219.9 ℃                 Good                0.6s     料筒1段温
   IM-01/im01.moldTemp            84.9 ℃                  Good                0.6s     模具温度
   IM-01/im01.oilTemp             44.9 ℃                  Good                0.6s     液压油温
   IM-01/im01.injectPressure      0 bar                   Good                0.6s     射胶压力
   IM-01/im01.energyTotal         0.004 kWh               Good                0.6s     累计能耗
   IM-01/im01.moldTempDev         -0.1 ℃                  Good                0.0s     模温偏差(计算点)
   IM-01/im01.faultAlarm          False                   Good                0.1s     注塑机报警位
   GW-LINE-B/mtc01.actualTemp     99.6 ℃                  Good                0.3s     模温机温度
   GW-LINE-B/mtc01.pumpFlow       38 L/min                Good                0.3s     模温机流量
   GW-LINE-B/dry01.dryTemp        79.6 ℃                  Good                0.2s     干燥温度
   GW-LINE-B/dry01.dewPoint       -33.8 ℃                 Good                0.2s     露点
   GW-LINE-B/dry01.materialLevel  84 %                    Good                0.2s     料位
   GW-LINE-B/rob01.cycleTime      2.9 s                   Good                0.2s     机械手节拍时间
   GW-LINE-B/rob01.totalPicks     0                       Good                0.2s     累计取件
   EM-01/em01.activePower         122 kW                  Good                0.2s     总有功功率
   EM-01/em01.powerFactor         0.908                   Good                0.2s     功率因数
   EM-01/em01.totalEnergy         3.86 kWh                Good                0.2s     累计电能
   ENV-01/env01.roomTemp          25.9 ℃                  Good                0.2s     车间温度
   ENV-01/env01.humidity          55 %RH                  Good                0.2s     湿度
   ENV-01/env01.co2               450 ppm                 Good                0.2s     CO2
   ENV-01/env01.highTempAlarm     False                   Good                0.2s     高温报警位
   ENV-01/env01.plantLoad         48.8 %                  Good                0.0s     车间负载率(计算点)
  ── 激活报警：无
  事件计数：值 1094  错误 29  写 2  （明细见 CSV）
[T+45.0s] [ops] show IM-01/im01.moldTemp = 84.5 ℃  [质量 Good]  原始=84.5  时间戳=23:39:59.090
══════════════════════════════════════════════════════════════════════════════════════════
  屏 #10   T+47.2s   本地时间 23:40:01   质量非 Good 或超过 5s 未刷新会标 !! / ~
══════════════════════════════════════════════════════════════════════════════════════════
  点位                                值                       质量                  年龄       说明
   IM-01/im01.stage               保压                      Good                0.1s     注塑阶段
   IM-01/im01.statusWord          17                      Good                0.1s     状态字
   IM-01/im01.cycleTime           30.0 s                  Good                0.1s     当前周期
   IM-01/im01.goodParts           0                       Good                0.1s     合格品数
   IM-01/im01.rejectParts         0                       Good                0.1s     次品数
   IM-01/im01.barrel1Temp         220.0 ℃                 Good                0.6s     料筒1段温
   IM-01/im01.moldTemp            84.6 ℃                  Good                0.6s     模具温度
   IM-01/im01.oilTemp             44.8 ℃                  Good                0.6s     液压油温
   IM-01/im01.injectPressure      0 bar                   Good                0.6s     射胶压力
   IM-01/im01.energyTotal         0.021 kWh               Good                0.6s     累计能耗
   IM-01/im01.moldTempDev         -0.4 ℃                  Good                0.0s     模温偏差(计算点)
   IM-01/im01.faultAlarm          False                   Good                0.1s     注塑机报警位
   GW-LINE-B/mtc01.actualTemp     99.3 ℃                  Good                0.3s     模温机温度
   GW-LINE-B/mtc01.pumpFlow       21 L/min                Good                0.3s     模温机流量
   GW-LINE-B/dry01.dryTemp        79.4 ℃                  Good                0.2s     干燥温度
   GW-LINE-B/dry01.dewPoint       -33.6 ℃                 Good                0.2s     露点
   GW-LINE-B/dry01.materialLevel  83 %                    Good                0.2s     料位
   GW-LINE-B/rob01.cycleTime      2.9 s                   Good                0.2s     机械手节拍时间
   GW-LINE-B/rob01.totalPicks     0                       Good                0.2s     累计取件
   EM-01/em01.activePower         109 kW                  Good                0.2s     总有功功率
   EM-01/em01.powerFactor         0.943                   Good                0.2s     功率因数
   EM-01/em01.totalEnergy         19.67 kWh               Good                0.2s     累计电能
   ENV-01/env01.roomTemp          26.0 ℃                  Good                0.2s     车间温度
   ENV-01/env01.humidity          55 %RH                  Good                0.2s     湿度
   ENV-01/env01.co2               450 ppm                 Good                0.2s     CO2
   ENV-01/env01.highTempAlarm     False                   Good                0.2s     高温报警位
   ENV-01/env01.plantLoad         43.6 %                  Good                0.0s     车间负载率(计算点)
  ── 激活报警：无
  事件计数：值 1317  错误 29  写 2  （明细见 CSV）
[T+50.0s] [ops] write IM-01/im01.cavitySetTemp = 234 → Succeeded  verifyMismatch=False  readback=234 ℃[Good]  3ms  user=op01:Operator
══════════════════════════════════════════════════════════════════════════════════════════
  屏 #11   T+52.3s   本地时间 23:40:06   质量非 Good 或超过 5s 未刷新会标 !! / ~
══════════════════════════════════════════════════════════════════════════════════════════
  点位                                值                       质量                  年龄       说明
   IM-01/im01.stage               保压                      Good                0.2s     注塑阶段
   IM-01/im01.statusWord          17                      Good                0.2s     状态字
   IM-01/im01.cycleTime           30.0 s                  Good                0.2s     当前周期
   IM-01/im01.goodParts           0                       Good                0.2s     合格品数
   IM-01/im01.rejectParts         0                       Good                0.2s     次品数
   IM-01/im01.barrel1Temp         232.9 ℃                 Good                0.7s     料筒1段温
   IM-01/im01.moldTemp            84.5 ℃                  Good                0.7s     模具温度
   IM-01/im01.oilTemp             44.4 ℃                  Good                0.7s     液压油温
   IM-01/im01.injectPressure      0 bar                   Good                0.7s     射胶压力
   IM-01/im01.energyTotal         0.037 kWh               Good                0.7s     累计能耗
   IM-01/im01.moldTempDev         -0.5 ℃                  Good                0.0s     模温偏差(计算点)
   IM-01/im01.faultAlarm          False                   Good                0.2s     注塑机报警位
   GW-LINE-B/mtc01.actualTemp     99.6 ℃                  Good                0.3s     模温机温度
   GW-LINE-B/mtc01.pumpFlow       25 L/min                Good                0.3s     模温机流量
   GW-LINE-B/dry01.dryTemp        79.4 ℃                  Good                0.3s     干燥温度
   GW-LINE-B/dry01.dewPoint       -33.8 ℃                 Good                0.3s     露点
   GW-LINE-B/dry01.materialLevel  81 %                    Good                0.3s     料位
   GW-LINE-B/rob01.cycleTime      3.1 s                   Good                0.3s     机械手节拍时间
   GW-LINE-B/rob01.totalPicks     0                       Good                0.3s     累计取件
   EM-01/em01.activePower         126 kW                  Good                0.2s     总有功功率
   EM-01/em01.powerFactor         0.938                   Good                0.2s     功率因数
   EM-01/em01.totalEnergy         36.12 kWh               Good                0.2s     累计电能
   ENV-01/env01.roomTemp          26.0 ℃                  Good                0.2s     车间温度
   ENV-01/env01.humidity          54 %RH                  Good                0.2s     湿度
   ENV-01/env01.co2               450 ppm                 Good                0.2s     CO2
   ENV-01/env01.highTempAlarm     False                   Good                0.2s     高温报警位
   ENV-01/env01.plantLoad         50.4 %                  Good                0.0s     车间负载率(计算点)
  ── 激活报警：无
  事件计数：值 1540  错误 29  写 3  （明细见 CSV）
[T+55.0s] [ops] —— 演练结束 ——
══════════════════════════════════════════════════════════════════════════════════════════
  屏 #12   T+57.3s   本地时间 23:40:11   质量非 Good 或超过 5s 未刷新会标 !! / ~
══════════════════════════════════════════════════════════════════════════════════════════
  点位                                值                       质量                  年龄       说明
   IM-01/im01.stage               熔胶                      Good                0.2s     注塑阶段
   IM-01/im01.statusWord          33                      Good                0.2s     状态字
   IM-01/im01.cycleTime           30.0 s                  Good                0.2s     当前周期
   IM-01/im01.goodParts           0                       Good                0.2s     合格品数
   IM-01/im01.rejectParts         0                       Good                0.2s     次品数
   IM-01/im01.barrel1Temp         233.8 ℃                 Good                0.7s     料筒1段温
   IM-01/im01.moldTemp            84.6 ℃                  Good                0.7s     模具温度
   IM-01/im01.oilTemp             44.4 ℃                  Good                0.7s     液压油温
   IM-01/im01.injectPressure      0 bar                   Good                0.7s     射胶压力
   IM-01/im01.energyTotal         0.059 kWh               Good                0.7s     累计能耗
   IM-01/im01.moldTempDev         -0.4 ℃                  Good                0.0s     模温偏差(计算点)
   IM-01/im01.faultAlarm          False                   Good                0.2s     注塑机报警位
   GW-LINE-B/mtc01.actualTemp     99.6 ℃                  Good                0.3s     模温机温度
   GW-LINE-B/mtc01.pumpFlow       34 L/min                Good                0.3s     模温机流量
   GW-LINE-B/dry01.dryTemp        79.4 ℃                  Good                0.3s     干燥温度
   GW-LINE-B/dry01.dewPoint       -34.5 ℃                 Good                0.3s     露点
   GW-LINE-B/dry01.materialLevel  80 %                    Good                0.3s     料位
   GW-LINE-B/rob01.cycleTime      3.1 s                   Good                0.3s     机械手节拍时间
   GW-LINE-B/rob01.totalPicks     1                       Good                0.3s     累计取件
   EM-01/em01.activePower         122 kW                  Good                0.2s     总有功功率
   EM-01/em01.powerFactor         0.916                   Good                0.2s     功率因数
   EM-01/em01.totalEnergy         51.50 kWh               Good                0.2s     累计电能
   ENV-01/env01.roomTemp          26.1 ℃                  Good                0.2s     车间温度
   ENV-01/env01.humidity          55 %RH                  Good                0.2s     湿度
   ENV-01/env01.co2               450 ppm                 Good                0.2s     CO2
   ENV-01/env01.highTempAlarm     False                   Good                0.2s     高温报警位
   ENV-01/env01.plantLoad         48.8 %                  Good                0.0s     车间负载率(计算点)
  ── 激活报警：无
  事件计数：值 1778  错误 29  写 3  （明细见 CSV）
[23:40:14] [资源] T+60.2s  线程 21  句柄 461  GC 后托管堆 1.89 MB
══════════════════════════════════════════════════════════════════════════════════════════
  屏 #13   T+62.3s   本地时间 23:40:16   质量非 Good 或超过 5s 未刷新会标 !! / ~
══════════════════════════════════════════════════════════════════════════════════════════
  点位                                值                       质量                  年龄       说明
   IM-01/im01.stage               熔胶                      Good                0.2s     注塑阶段
   IM-01/im01.statusWord          33                      Good                0.2s     状态字
   IM-01/im01.cycleTime           30.0 s                  Good                0.2s     当前周期
   IM-01/im01.goodParts           0                       Good                0.2s     合格品数
   IM-01/im01.rejectParts         0                       Good                0.2s     次品数
   IM-01/im01.barrel1Temp         233.7 ℃                 Good                0.7s     料筒1段温
   IM-01/im01.moldTemp            84.5 ℃                  Good                0.7s     模具温度
   IM-01/im01.oilTemp             44.4 ℃                  Good                0.7s     液压油温
   IM-01/im01.injectPressure      0 bar                   Good                0.7s     射胶压力
   IM-01/im01.energyTotal         0.090 kWh               Good                0.7s     累计能耗
   IM-01/im01.moldTempDev         -0.5 ℃                  Good                0.0s     模温偏差(计算点)
   IM-01/im01.faultAlarm          False                   Good                0.2s     注塑机报警位
   GW-LINE-B/mtc01.actualTemp     99.2 ℃                  Good                0.3s     模温机温度
   GW-LINE-B/mtc01.pumpFlow       40 L/min                Good                0.3s     模温机流量
   GW-LINE-B/dry01.dryTemp        79.4 ℃                  Good                0.3s     干燥温度
   GW-LINE-B/dry01.dewPoint       -34.7 ℃                 Good                0.3s     露点
   GW-LINE-B/dry01.materialLevel  78 %                    Good                0.3s     料位
   GW-LINE-B/rob01.cycleTime      3.0 s                   Good                0.3s     机械手节拍时间
   GW-LINE-B/rob01.totalPicks     1                       Good                0.3s     累计取件
   EM-01/em01.activePower         114 kW                  Good                0.3s     总有功功率
   EM-01/em01.powerFactor         0.946                   Good                0.3s     功率因数
   EM-01/em01.totalEnergy         66.85 kWh               Good                0.3s     累计电能
   ENV-01/env01.roomTemp          26.2 ℃                  Good                0.3s     车间温度
   ENV-01/env01.humidity          55 %RH                  Good                0.3s     湿度
   ENV-01/env01.co2               450 ppm                 Good                0.3s     CO2
   ENV-01/env01.highTempAlarm     False                   Good                0.3s     高温报警位
   ENV-01/env01.plantLoad         45.6 %                  Good                0.0s     车间负载率(计算点)
  ── 激活报警：无
  事件计数：值 1985  错误 29  写 3  （明细见 CSV）

[23:40:19] 停机：达到 --duration，正在优雅停止（先停操作脚本，再停引擎轮询）…
╔══════════════════════════════════════════════════════════════════════════════════════╗
║ 运行汇总（退出原因：达到 --duration                                                     ）║
╚══════════════════════════════════════════════════════════════════════════════════════╝
  配置     : D:\IT\SuperModbus\SuperSampler\samples\InjectionLineMonitor\line.xml
  操作脚本 : run/run4/drill5_ops.txt
  运行时长 : 65.2s

── 宿主操作动作（脚本侧统计）───────────────────────────────────────────────
  普通写 3 次  点动写 0 次  报警确认 0 次（其中 NotPending 0）  查看 3 次
  VerifyMismatch 次数：0（写成功但回读值与写入值不同的次数；框架不自动重试，须人工判断）  宿主侧动作异常 0 次

── 事件计数 ────────────────────────────────────────────────────────────────
  值变化事件 : 2104（Good 2015 / Uncertain 0 / Bad 89 / Offline 0）
  报警事件   : 激活 0  清除 0  确认 0（结束时仍在激活：无）
  写审计事件 : 3（Succeeded 2 / Failed 0 / Indeterminate 1 / Rejected 0）
  错误事件   : 29（Transient 26, LinkDown 3）
  错误码     : MODBUS.TIMEOUT 26, MODBUS.LINK 3
  事件总线 : 发出 2136  丢弃 0  订阅者异常 0  活跃订阅 6
             · 值变化 PointValueChanged              投递 2104 丢弃 0 异常 0
             · 报警激活 AlarmRaised                   投递 0 丢弃 0 异常 0
             · 报警清除 AlarmCleared                  投递 0 丢弃 0 异常 0
             · 报警确认 AlarmAcknowledged             投递 0 丢弃 0 异常 0
             · 写审计 PointWritten                   投递 3 丢弃 0 异常 0
             · 错误族 IErrorEvent（基接口）               投递 29 丢弃 0 异常 0

── 质量分布（每显示周期采样一次，全部点位）──────────────────────────────────
  全部点位合计：采样 1846 点次  Good 90.7%  Uncertain 0.0%  Bad 9.3%  Offline 0.0%
  出现非 Good 的点位（84 个）：
    EM-01/em01.meterModel                 采样 13 次：Good 69.2% / Bad 30.8%
    EM-01/em01.readTime                   采样 13 次：Good 69.2% / Bad 30.8%
    IM-01/im01.workMode                   采样 13 次：Good 69.2% / Bad 30.8%
    IM-01/im01.targetOutput               采样 13 次：Good 69.2% / Bad 30.8%
    IM-01/im01.cavitySetTemp              采样 13 次：Good 69.2% / Bad 30.8%
    IM-01/im01.moldSetTemp                采样 13 次：Good 69.2% / Bad 30.8%
    IM-01/im01.holdTime                   采样 13 次：Good 69.2% / Bad 30.8%
    IM-01/im01.coolTime                   采样 13 次：Good 69.2% / Bad 30.8%
    IM-01/im01.overTempLimit              采样 13 次：Good 69.2% / Bad 30.8%
    IM-01/im01.moldTempDualSet            采样 13 次：Good 69.2% / Bad 30.8%
    IM-01/im01.energyBudget               采样 13 次：Good 69.2% / Bad 30.8%
    IM-01/im01.planHours                  采样 13 次：Good 69.2% / Bad 30.8%
    IM-01/im01.ratedPower                 采样 13 次：Good 69.2% / Bad 30.8%
    GW-LINE-B/mtc01.runSeconds            采样 13 次：Good 69.2% / Bad 30.8%
    GW-LINE-B/mtc01.energyTotal           采样 13 次：Good 69.2% / Bad 30.8%
    IM-01/im01.moldTempDev                采样 13 次：Good 69.2% / Bad 30.8%
    EM-01/em01.ctRatio                    采样 13 次：Good 76.9% / Bad 23.1%
    EM-01/em01.demandThreshold            采样 13 次：Good 76.9% / Bad 23.1%
    IM-01/im01.clampForceDev              采样 13 次：Good 76.9% / Bad 23.1%
    ENV-01/env01.runSeconds               采样 13 次：Good 76.9% / Bad 23.1%
    ENV-01/env01.sampleTime               采样 13 次：Good 76.9% / Bad 23.1%
    ENV-01/env01.areaName                 采样 13 次：Good 76.9% / Bad 23.1%
    ENV-01/env01.alarmCode                采样 13 次：Good 76.9% / Bad 23.1%
    GW-LINE-B/mtc01.tempDeviation         采样 13 次：Good 76.9% / Bad 23.1%
    GW-LINE-B/mtc01.heatingMode           采样 13 次：Good 76.9% / Bad 23.1%
    IM-01/im01.statusWord                 采样 13 次：Good 84.6% / Bad 15.4%
    IM-01/im01.alarmCode                  采样 13 次：Good 84.6% / Bad 15.4%
    IM-01/im01.totalMolds                 采样 13 次：Good 84.6% / Bad 15.4%
    IM-01/im01.goodParts                  采样 13 次：Good 84.6% / Bad 15.4%
    IM-01/im01.rejectParts                采样 13 次：Good 84.6% / Bad 15.4%
    IM-01/im01.cycleTime                  采样 13 次：Good 84.6% / Bad 15.4%
    IM-01/im01.avgCycleTime               采样 13 次：Good 84.6% / Bad 15.4%
    IM-01/im01.oee                        采样 13 次：Good 84.6% / Bad 15.4%
    IM-01/im01.stage                      采样 13 次：Good 84.6% / Bad 15.4%
    IM-01/im01.batchNo                    采样 13 次：Good 84.6% / Bad 15.4%
    IM-01/im01.prodTime                   采样 13 次：Good 84.6% / Bad 15.4%
    EM-01/em01.meterNo                    采样 13 次：Good 84.6% / Bad 15.4%
    IM-01/im01.recipeName                 采样 13 次：Good 84.6% / Bad 15.4%
    IM-01/im01.bootTime                   采样 13 次：Good 84.6% / Bad 15.4%
    ENV-01/env01.acRunning                采样 13 次：Good 84.6% / Bad 15.4%
    ... 其余 44 个点位见 resources/values CSV

── 质量跃迁（断线/恢复证据，共 178 条）────────────
  T+41.0s GW-LINE-B/mtc01.heatingMode Bad → Good 值=1
  T+41.0s GW-LINE-B/mtc01.serialNo Bad → Good 值=MTC-2026-0001
  T+41.0s GW-LINE-B/mtc01.calibTime Bad → Good 值=2026/9/15 23:39:53
  T+41.0s GW-LINE-B/dry01.drySeconds Bad → Good 值=5
  T+41.0s GW-LINE-B/dry01.energyTotal Bad → Good 值=0.000833333333333333
  T+41.0s GW-LINE-B/dry01.dewDeviation Bad → Good 值=0.2
  T+41.0s GW-LINE-B/dry01.materialBatch Bad → Good 值=PA66-GF30-0912
  T+41.0s GW-LINE-B/dry01.batchBcd Bad → Good 值=910
  T+41.0s GW-LINE-B/rob01.runSeconds Bad → Good 值=5
  T+41.0s GW-LINE-B/rob01.energyTotal Bad → Good 值=0.000722222222222222
  T+41.0s EM-01/em01.ctRatio Bad → Good 值=20
  T+41.0s EM-01/em01.demandThreshold Bad → Good 值=150
  T+41.0s EM-01/em01.meterNo Bad → Good 值=EM-2026-0001
  T+41.0s EM-01/em01.totalEnergy Bad → Good 值=0.95
  T+41.0s EM-01/em01.forwardEnergy Bad → Good 值=0.95
  T+41.0s EM-01/em01.voltageA Bad → Good 值=378
  T+41.0s EM-01/em01.voltageB Bad → Good 值=377
  T+41.0s EM-01/em01.voltageC Bad → Good 值=384
  T+41.0s EM-01/em01.currentA Bad → Good 值=148.7
  T+41.0s EM-01/em01.activePower Bad → Good 值=109
  T+41.0s EM-01/em01.reactivePower Bad → Good 值=31
  T+41.0s EM-01/em01.powerFactor Bad → Good 值=0.865
  T+41.0s EM-01/em01.frequency Bad → Good 值=49.95
  T+41.0s EM-01/em01.alarmCode Bad → Good 值=0
  T+41.0s EM-01/em01.demand Bad → Good 值=109
  T+41.0s EM-01/em01.energyF64 Bad → Good 值=0.00972222222222222
  T+41.0s EM-01/em01.unbalance Bad → Good 值=1.842105
  T+41.0s EM-01/em01.energyDual Bad → Good 值=0
  T+41.0s EM-01/em01.overDemand Bad → Good 值=False
  T+41.0s ENV-01/env01.runSeconds Bad → Good 值=5
  T+41.0s ENV-01/env01.sampleTime Bad → Good 值=2026/9/15 23:39:55
  T+41.0s ENV-01/env01.areaName Bad → Good 值=注塑车间A区
  T+41.0s ENV-01/env01.alarmCode Bad → Good 值=0
  T+41.0s ENV-01/env01.acRunning Bad → Good 值=True
  T+41.0s ENV-01/env01.tempDeviation Bad → Good 值=-0.1
  T+41.0s ENV-01/env01.tempAlarmLimit Bad → Good 值=32
  T+41.0s ENV-01/env01.co2Threshold Bad → Good 值=1000
  T+41.0s ENV-01/env01.areaNameW Bad → Good 值=注塑车间A区
  T+41.0s EM-01/em01.meterModel Bad → Good 值=EM-2026-0001
  T+41.0s EM-01/em01.readTime Bad → Good 值=2026/9/15 23:39:55

── 报警三态流水（共 0 条）──────────────────────────────
  运行期间无报警事件
  结束时仍在激活：无

── 进程资源（每 30s 采样，长稳判据）────────────────────────────────────────
  时间     运行(s)  线程  句柄   GC后托管堆   值事件   错误事件
  23:39:14     0.0    17   334     1.69 MB        0         0
  23:39:44    30.1    26   458     1.87 MB      870        13
  23:40:14    60.2    21   461     1.89 MB     1895        29
  首末差：线程 +4  句柄 +127  托管堆 +0.21 MB

── 落盘文件 ────────────────────────────────────────────────────────────────
  values.csv    值变化事件（每点每次变化一行）
  alarms.csv    报警三态（Raised/Cleared/Acknowledged）
  writes.csv    写审计事件（框架发出，含四态）
  errors.csv    错误族事件（含分类/错误码/结构化上下文）
  ops.csv       宿主操作脚本结果（含 WriteResult 的 VerifyMismatch 与 Readback）
  resources.csv 每 30s 的进程资源采样

